Archive member included because of file (symbol)

/opt/Freescale/KDS_v3/toolchain/bin/../lib/gcc/arm-none-eabi/4.8.4/armv6-m/libgcc.a(_udivsi3.o)
                              ./Project_Settings/Startup_Code/system_MKL25Z4.o (__aeabi_uidiv)
/opt/Freescale/KDS_v3/toolchain/bin/../lib/gcc/arm-none-eabi/4.8.4/armv6-m/libgcc.a(_dvmd_tls.o)
                              /opt/Freescale/KDS_v3/toolchain/bin/../lib/gcc/arm-none-eabi/4.8.4/armv6-m/libgcc.a(_udivsi3.o) (__aeabi_idiv0)
/opt/Freescale/KDS_v3/toolchain/bin/../lib/gcc/arm-none-eabi/4.8.4/armv6-m/libgcc.a(_aeabi_uldivmod.o)
                              ./Middlewares/modbus/port/porttimer.o (__aeabi_uldivmod)
/opt/Freescale/KDS_v3/toolchain/bin/../lib/gcc/arm-none-eabi/4.8.4/armv6-m/libgcc.a(_muldi3.o)
                              ./Middlewares/modbus/port/porttimer.o (__aeabi_lmul)
/opt/Freescale/KDS_v3/toolchain/bin/../lib/gcc/arm-none-eabi/4.8.4/armv6-m/libgcc.a(bpabi.o)
                              /opt/Freescale/KDS_v3/toolchain/bin/../lib/gcc/arm-none-eabi/4.8.4/armv6-m/libgcc.a(_aeabi_uldivmod.o) (__gnu_uldivmod_helper)
/opt/Freescale/KDS_v3/toolchain/bin/../lib/gcc/arm-none-eabi/4.8.4/armv6-m/libgcc.a(_divdi3.o)
                              /opt/Freescale/KDS_v3/toolchain/bin/../lib/gcc/arm-none-eabi/4.8.4/armv6-m/libgcc.a(bpabi.o) (__divdi3)
/opt/Freescale/KDS_v3/toolchain/bin/../lib/gcc/arm-none-eabi/4.8.4/armv6-m/libgcc.a(_udivdi3.o)
                              /opt/Freescale/KDS_v3/toolchain/bin/../lib/gcc/arm-none-eabi/4.8.4/armv6-m/libgcc.a(bpabi.o) (__udivdi3)
/opt/Freescale/KDS_v3/toolchain/bin/../lib/gcc/arm-none-eabi/4.8.4/armv6-m/libgcc.a(_clzsi2.o)
                              /opt/Freescale/KDS_v3/toolchain/bin/../lib/gcc/arm-none-eabi/4.8.4/armv6-m/libgcc.a(_divdi3.o) (__clzsi2)
/opt/Freescale/KDS_v3/toolchain/bin/../lib/gcc/arm-none-eabi/4.8.4/../../../../arm-none-eabi/lib/armv6-m/libg_s.a(lib_a-assert.o)
                              ./Middlewares/modbus/rtu/mbrtu.o (__assert_func)
/opt/Freescale/KDS_v3/toolchain/bin/../lib/gcc/arm-none-eabi/4.8.4/../../../../arm-none-eabi/lib/armv6-m/libg_s.a(lib_a-exit.o)
                              /opt/Freescale/KDS_v3/toolchain/bin/../lib/gcc/arm-none-eabi/4.8.4/../../../../arm-none-eabi/lib/armv6-m/crt0.o (exit)
/opt/Freescale/KDS_v3/toolchain/bin/../lib/gcc/arm-none-eabi/4.8.4/../../../../arm-none-eabi/lib/armv6-m/libg_s.a(lib_a-fprintf.o)
                              /opt/Freescale/KDS_v3/toolchain/bin/../lib/gcc/arm-none-eabi/4.8.4/../../../../arm-none-eabi/lib/armv6-m/libg_s.a(lib_a-assert.o) (fiprintf)
/opt/Freescale/KDS_v3/toolchain/bin/../lib/gcc/arm-none-eabi/4.8.4/../../../../arm-none-eabi/lib/armv6-m/libg_s.a(lib_a-impure.o)
                              /opt/Freescale/KDS_v3/toolchain/bin/../lib/gcc/arm-none-eabi/4.8.4/../../../../arm-none-eabi/lib/armv6-m/libg_s.a(lib_a-exit.o) (_global_impure_ptr)
/opt/Freescale/KDS_v3/toolchain/bin/../lib/gcc/arm-none-eabi/4.8.4/../../../../arm-none-eabi/lib/armv6-m/libg_s.a(lib_a-init.o)
                              /opt/Freescale/KDS_v3/toolchain/bin/../lib/gcc/arm-none-eabi/4.8.4/../../../../arm-none-eabi/lib/armv6-m/crt0.o (__libc_init_array)
/opt/Freescale/KDS_v3/toolchain/bin/../lib/gcc/arm-none-eabi/4.8.4/../../../../arm-none-eabi/lib/armv6-m/libg_s.a(lib_a-memcpy-stub.o)
                              ./Middlewares/modbus/functions/mbfuncother.o (memcpy)
/opt/Freescale/KDS_v3/toolchain/bin/../lib/gcc/arm-none-eabi/4.8.4/../../../../arm-none-eabi/lib/armv6-m/libg_s.a(lib_a-memset.o)
                              /opt/Freescale/KDS_v3/toolchain/bin/../lib/gcc/arm-none-eabi/4.8.4/../../../../arm-none-eabi/lib/armv6-m/crt0.o (memset)
/opt/Freescale/KDS_v3/toolchain/bin/../lib/gcc/arm-none-eabi/4.8.4/../../../../arm-none-eabi/lib/armv6-m/libg_s.a(lib_a-vfprintf.o)
                              /opt/Freescale/KDS_v3/toolchain/bin/../lib/gcc/arm-none-eabi/4.8.4/../../../../arm-none-eabi/lib/armv6-m/libg_s.a(lib_a-fprintf.o) (_vfprintf_r)
/opt/Freescale/KDS_v3/toolchain/bin/../lib/gcc/arm-none-eabi/4.8.4/../../../../arm-none-eabi/lib/armv6-m/libg_s.a(lib_a-vfprintf_i.o)
                              /opt/Freescale/KDS_v3/toolchain/bin/../lib/gcc/arm-none-eabi/4.8.4/../../../../arm-none-eabi/lib/armv6-m/libg_s.a(lib_a-vfprintf.o) (_printf_i)
/opt/Freescale/KDS_v3/toolchain/bin/../lib/gcc/arm-none-eabi/4.8.4/../../../../arm-none-eabi/lib/armv6-m/libg_s.a(lib_a-wbuf.o)
                              /opt/Freescale/KDS_v3/toolchain/bin/../lib/gcc/arm-none-eabi/4.8.4/../../../../arm-none-eabi/lib/armv6-m/libg_s.a(lib_a-vfprintf.o) (__swbuf_r)
/opt/Freescale/KDS_v3/toolchain/bin/../lib/gcc/arm-none-eabi/4.8.4/../../../../arm-none-eabi/lib/armv6-m/libg_s.a(lib_a-wsetup.o)
                              /opt/Freescale/KDS_v3/toolchain/bin/../lib/gcc/arm-none-eabi/4.8.4/../../../../arm-none-eabi/lib/armv6-m/libg_s.a(lib_a-vfprintf.o) (__swsetup_r)
[...]
Memory Configuration

Name             Origin             Length             Attributes
m_interrupts     0x00000000         0x00000100         xr
m_flash_config   0x00000400         0x00000010         xr
m_text           0x00000410         0x0001fbf0         xr
m_data           0x1ffff000         0x00004000         rw
*default*        0x00000000         0xffffffff

Linker script and memory map

LOAD /opt/Freescale/KDS_v3/toolchain/bin/../lib/gcc/arm-none-eabi/4.8.4/armv6-m/crti.o
LOAD /opt/Freescale/KDS_v3/toolchain/bin/../lib/gcc/arm-none-eabi/4.8.4/armv6-m/crtbegin.o
LOAD /opt/Freescale/KDS_v3/toolchain/bin/../lib/gcc/arm-none-eabi/4.8.4/../../../../arm-none-eabi/lib/armv6-m/crt0.o
LOAD ./Sources/main.o
LOAD ./Project_Settings/Startup_Code/startup_MKL25Z4.o
LOAD ./Project_Settings/Startup_Code/system_MKL25Z4.o
LOAD ./Middlewares/modbus/tcp/mbtcp.o
LOAD ./Middlewares/modbus/rtu/mbcrc.o
LOAD ./Middlewares/modbus/rtu/mbrtu.o
LOAD ./Middlewares/modbus/port/portevent.o
LOAD ./Middlewares/modbus/port/portserial.o
LOAD ./Middlewares/modbus/port/porttimer.o
LOAD ./Middlewares/modbus/functions/mbfunccoils.o
LOAD ./Middlewares/modbus/functions/mbfuncdiag.o
LOAD ./Middlewares/modbus/functions/mbfuncdisc.o
LOAD ./Middlewares/modbus/functions/mbfuncholding.o
LOAD ./Middlewares/modbus/functions/mbfuncinput.o
LOAD ./Middlewares/modbus/functions/mbfuncother.o
LOAD ./Middlewares/modbus/functions/mbutils.o
LOAD ./Middlewares/modbus/ascii/mbascii.o
LOAD ./Middlewares/modbus/mb.o
LOAD ./Drivers/adc.o
LOAD ./Drivers/dac.o
LOAD ./Drivers/dma.o
LOAD ./Drivers/gpio.o
LOAD ./Drivers/i2c.o
LOAD ./Drivers/pit.o
LOAD ./Drivers/pwm.o
LOAD ./Drivers/spi.o
LOAD ./Drivers/uart.o
LOAD ./Drivers/wdog.o
LOAD /opt/Freescale/KDS_v3/toolchain/bin/../lib/gcc/arm-none-eabi/4.8.4/../../../../arm-none-eabi/lib/armv6-m/libstdc++_s.a
LOAD /opt/Freescale/KDS_v3/toolchain/bin/../lib/gcc/arm-none-eabi/4.8.4/../../../../arm-none-eabi/lib/armv6-m/libm.a
START GROUP
LOAD /opt/Freescale/KDS_v3/toolchain/bin/../lib/gcc/arm-none-eabi/4.8.4/armv6-m/libgcc.a
LOAD /opt/Freescale/KDS_v3/toolchain/bin/../lib/gcc/arm-none-eabi/4.8.4/../../../../arm-none-eabi/lib/armv6-m/libg_s.a
LOAD /opt/Freescale/KDS_v3/toolchain/bin/../lib/gcc/arm-none-eabi/4.8.4/../../../../arm-none-eabi/lib/armv6-m/libc_s.a
END GROUP
START GROUP
LOAD /opt/Freescale/KDS_v3/toolchain/bin/../lib/gcc/arm-none-eabi/4.8.4/armv6-m/libgcc.a
LOAD /opt/Freescale/KDS_v3/toolchain/bin/../lib/gcc/arm-none-eabi/4.8.4/../../../../arm-none-eabi/lib/armv6-m/libc_s.a
LOAD /opt/Freescale/KDS_v3/toolchain/bin/../lib/gcc/arm-none-eabi/4.8.4/../../../../arm-none-eabi/lib/armv6-m/libnosys.a
END GROUP
START GROUP
LOAD /opt/Freescale/KDS_v3/toolchain/bin/../lib/gcc/arm-none-eabi/4.8.4/armv6-m/libgcc.a
LOAD /opt/Freescale/KDS_v3/toolchain/bin/../lib/gcc/arm-none-eabi/4.8.4/../../../../arm-none-eabi/lib/armv6-m/libc_s.a
LOAD /opt/Freescale/KDS_v3/toolchain/bin/../lib/gcc/arm-none-eabi/4.8.4/../../../../arm-none-eabi/lib/armv6-m/libnosys.a
END GROUP
LOAD /opt/Freescale/KDS_v3/toolchain/bin/../lib/gcc/arm-none-eabi/4.8.4/armv6-m/crtend.o
LOAD /opt/Freescale/KDS_v3/toolchain/bin/../lib/gcc/arm-none-eabi/4.8.4/armv6-m/crtn.o
                0x00000400                HEAP_SIZE = DEFINED (__heap_size__)?__heap_size__:0x400
                0x00000400                STACK_SIZE = DEFINED (__stack_size__)?__stack_size__:0x400

.interrupts     0x00000000       0xc0
                0x00000000                __VECTOR_TABLE = .
                0x00000000                . = ALIGN (0x4)
 *(.isr_vector)
 .isr_vector    0x00000000       0xc0 ./Project_Settings/Startup_Code/startup_MKL25Z4.o
                0x00000000                __isr_vector
                0x000000c0                . = ALIGN (0x4)

.flash_config   0x00000400       0x10
                0x00000400                . = ALIGN (0x4)
 *(.FlashConfig)
 .FlashConfig   0x00000400       0x10 ./Project_Settings/Startup_Code/startup_MKL25Z4.o
                0x00000410                . = ALIGN (0x4)

.text           0x00000410     0x4d7c
                0x00000410                . = ALIGN (0x4)
 *(.text)
 .text          0x00000410       0x60 /opt/Freescale/KDS_v3/toolchain/bin/../lib/gcc/arm-none-eabi/4.8.4/armv6-m/crtbegin.o
 .text          0x00000470       0x78 /opt/Freescale/KDS_v3/toolchain/bin/../lib/gcc/arm-none-eabi/4.8.4/../../../../arm-none-eabi/lib/armv6-m/crt0.o
                0x00000470                _mainCRTStartup
                0x00000470                _start
 .text          0x000004e8       0x34 ./Project_Settings/Startup_Code/startup_MKL25Z4.o
                0x000004e8                Reset_Handler
                0x00000514                I2C0_IRQHandler
                0x00000514                HardFault_Handler
                0x00000514                SysTick_Handler
                0x00000514                PendSV_Handler
                0x00000514                NMI_Handler
                0x00000514                I2C1_IRQHandler
                0x00000514                TPM0_IRQHandler
                0x00000514                LLWU_IRQHandler
                0x00000514                TSI0_IRQHandler
                0x00000514                ADC0_IRQHandler
                0x00000514                Reserved39_IRQHandler
                0x00000514                SPI1_IRQHandler
                0x00000514                DefaultISR
                0x00000514                PORTD_IRQHandler
                0x00000514                TPM2_IRQHandler
                0x00000514                RTC_IRQHandler
                0x00000514                RTC_Seconds_IRQHandler
                0x00000514                MCG_IRQHandler
                0x00000514                Reserved20_IRQHandler
                0x00000514                USB0_IRQHandler
                0x00000514                SVC_Handler
                0x00000514                DAC0_IRQHandler
                0x00000514                Reserved45_IRQHandler
                0x00000514                TPM1_IRQHandler
                0x00000514                LVD_LVW_IRQHandler
                0x00000514                SPI0_IRQHandler
                0x00000514                PORTA_IRQHandler
                0x00000514                FTFA_IRQHandler
                0x00000514                LPTMR0_IRQHandler
                0x00000514                CMP0_IRQHandler
 .text          0x0000051c       0x9c /opt/Freescale/KDS_v3/toolchain/bin/../lib/gcc/arm-none-eabi/4.8.4/armv6-m/libgcc.a(_udivsi3.o)
                0x0000051c                __udivsi3
                0x0000051c                __aeabi_uidiv
                0x000005a4                __aeabi_uidivmod
 .text          0x000005b8        0x4 /opt/Freescale/KDS_v3/toolchain/bin/../lib/gcc/arm-none-eabi/4.8.4/armv6-m/libgcc.a(_dvmd_tls.o)
                0x000005b8                __aeabi_ldiv0
                0x000005b8                __aeabi_idiv0
 .text          0x000005bc       0x40 /opt/Freescale/KDS_v3/toolchain/bin/../lib/gcc/arm-none-eabi/4.8.4/armv6-m/libgcc.a(_aeabi_uldivmod.o)
                0x000005bc                __aeabi_uldivmod
 .text          0x000005fc       0x44 /opt/Freescale/KDS_v3/toolchain/bin/../lib/gcc/arm-none-eabi/4.8.4/armv6-m/libgcc.a(_muldi3.o)
                0x000005fc                __aeabi_lmul
                0x000005fc                __muldi3
 .text          0x00000640       0x6c /opt/Freescale/KDS_v3/toolchain/bin/../lib/gcc/arm-none-eabi/4.8.4/armv6-m/libgcc.a(bpabi.o)
                0x00000640                __gnu_ldivmod_helper
                0x00000678                __gnu_uldivmod_helper
 .text          0x000006ac      0x3b8 /opt/Freescale/KDS_v3/toolchain/bin/../lib/gcc/arm-none-eabi/4.8.4/armv6-m/libgcc.a(_divdi3.o)
                0x000006ac                __divdi3
 .text          0x00000a64      0x384 /opt/Freescale/KDS_v3/toolchain/bin/../lib/gcc/arm-none-eabi/4.8.4/armv6-m/libgcc.a(_udivdi3.o)
                0x00000a64                __udivdi3
 .text          0x00000de8       0x3c /opt/Freescale/KDS_v3/toolchain/bin/../lib/gcc/arm-none-eabi/4.8.4/armv6-m/libgcc.a(_clzsi2.o)
                0x00000de8                __clzsi2
 *(.text*)
 .text.main     0x00000e24       0x40 ./Sources/main.o
                0x00000e24                main
 .text.eMBRegInputCB
                0x00000e64       0xa8 ./Sources/main.o
                0x00000e64                eMBRegInputCB
 .text.eMBRegHoldingCB
                0x00000f0c      0x120 ./Sources/main.o
                0x00000f0c                eMBRegHoldingCB
 .text.eMBRegCoilsCB
                0x0000102c      0x13c ./Sources/main.o
                0x0000102c                eMBRegCoilsCB
 .text.eMBRegDiscreteCB
                0x00001168       0xb4 ./Sources/main.o
                0x00001168                eMBRegDiscreteCB
 .text.SystemInit
                0x0000121c       0x18 ./Project_Settings/Startup_Code/system_MKL25Z4.o
                0x0000121c                SystemInit
 .text.usMBCRC16
                0x00001234       0x90 ./Middlewares/modbus/rtu/mbcrc.o
                0x00001234                usMBCRC16
 .text.eMBRTUInit
                0x000012c4       0x8c ./Middlewares/modbus/rtu/mbrtu.o
                0x000012c4                eMBRTUInit
 .text.eMBRTUStart
                0x00001350       0x20 ./Middlewares/modbus/rtu/mbrtu.o
                0x00001350                eMBRTUStart
 .text.eMBRTUStop
                0x00001370       0x14 ./Middlewares/modbus/rtu/mbrtu.o
                0x00001370                eMBRTUStop
 .text.eMBRTUReceive
                0x00001384       0xac ./Middlewares/modbus/rtu/mbrtu.o
                0x00001384                eMBRTUReceive
 .text.eMBRTUSend
                0x00001430       0xdc ./Middlewares/modbus/rtu/mbrtu.o
                0x00001430                eMBRTUSend
 .text.xMBRTUReceiveFSM
                0x0000150c       0xd4 ./Middlewares/modbus/rtu/mbrtu.o
                0x0000150c                xMBRTUReceiveFSM
 .text.xMBRTUTransmitFSM
                0x000015e0       0xbc ./Middlewares/modbus/rtu/mbrtu.o
                0x000015e0                xMBRTUTransmitFSM
 .text.xMBRTUTimerT35Expired
                0x0000169c       0x90 ./Middlewares/modbus/rtu/mbrtu.o
                0x0000169c                xMBRTUTimerT35Expired
 .text.xMBPortEventInit
                0x0000172c       0x18 ./Middlewares/modbus/port/portevent.o
                0x0000172c                xMBPortEventInit
 .text.xMBPortEventPost
                0x00001744       0x2c ./Middlewares/modbus/port/portevent.o
                0x00001744                xMBPortEventPost
 .text.xMBPortEventGet
                0x00001770       0x44 ./Middlewares/modbus/port/portevent.o
                0x00001770                xMBPortEventGet
 .text.vMBPortSerialEnable
                0x000017b4       0x94 ./Middlewares/modbus/port/portserial.o
                0x000017b4                vMBPortSerialEnable
 .text.xMBPortSerialInit
                0x00001848       0x4c ./Middlewares/modbus/port/portserial.o
                0x00001848                xMBPortSerialInit
 .text.xMBPortSerialPutByte
                0x00001894       0x44 ./Middlewares/modbus/port/portserial.o
                0x00001894                xMBPortSerialPutByte
 .text.xMBPortSerialGetByte
                0x000018d8       0x34 ./Middlewares/modbus/port/portserial.o
                0x000018d8                xMBPortSerialGetByte
 .text.prvvMBPortSerialISR
                0x0000190c       0x54 ./Middlewares/modbus/port/portserial.o
 .text.xMBPortTimersInit
                0x00001960       0x68 ./Middlewares/modbus/port/porttimer.o
                0x00001960                xMBPortTimersInit
 .text.vMBPortTimersEnable
                0x000019c8       0x10 ./Middlewares/modbus/port/porttimer.o
                0x000019c8                vMBPortTimersEnable
 .text.vMBPortTimersDisable
                0x000019d8       0x10 ./Middlewares/modbus/port/porttimer.o
                0x000019d8                vMBPortTimersDisable
 .text.prvvTIMERExpiredISR
                0x000019e8       0x24 ./Middlewares/modbus/port/porttimer.o
 .text.eMBFuncReadCoils
                0x00001a0c      0x178 ./Middlewares/modbus/functions/mbfunccoils.o
                0x00001a0c                eMBFuncReadCoils
 .text.eMBFuncWriteCoil
                0x00001b84       0xf4 ./Middlewares/modbus/functions/mbfunccoils.o
                0x00001b84                eMBFuncWriteCoil
 .text.eMBFuncWriteMultipleCoils
                0x00001c78      0x148 ./Middlewares/modbus/functions/mbfunccoils.o
                0x00001c78                eMBFuncWriteMultipleCoils
 .text.eMBFuncReadDiscreteInputs
                0x00001dc0      0x174 ./Middlewares/modbus/functions/mbfuncdisc.o
                0x00001dc0                eMBFuncReadDiscreteInputs
 .text.eMBFuncWriteHoldingRegister
                0x00001f34       0xa4 ./Middlewares/modbus/functions/mbfuncholding.o
                0x00001f34                eMBFuncWriteHoldingRegister
 .text.eMBFuncWriteMultipleHoldingRegister
                0x00001fd8      0x118 ./Middlewares/modbus/functions/mbfuncholding.o
                0x00001fd8                eMBFuncWriteMultipleHoldingRegister
 .text.eMBFuncReadHoldingRegister
                0x000020f0      0x13c ./Middlewares/modbus/functions/mbfuncholding.o
                0x000020f0                eMBFuncReadHoldingRegister
 .text.eMBFuncReadWriteMultipleHoldingRegister
                0x0000222c      0x208 ./Middlewares/modbus/functions/mbfuncholding.o
                0x0000222c                eMBFuncReadWriteMultipleHoldingRegister
 .text.eMBFuncReadInputRegister
                0x00002434      0x144 ./Middlewares/modbus/functions/mbfuncinput.o
                0x00002434                eMBFuncReadInputRegister
 .text.eMBFuncReportSlaveID
                0x00002578       0x3c ./Middlewares/modbus/functions/mbfuncother.o
                0x00002578                eMBFuncReportSlaveID
 .text.xMBUtilSetBits
                0x000025b4      0x13c ./Middlewares/modbus/functions/mbutils.o
                0x000025b4                xMBUtilSetBits
 .text.xMBUtilGetBits
                0x000026f0       0xb4 ./Middlewares/modbus/functions/mbutils.o
                0x000026f0                xMBUtilGetBits
 .text.prveMBError2Exception
                0x000027a4       0x54 ./Middlewares/modbus/functions/mbutils.o
                0x000027a4                prveMBError2Exception
 .text.eMBASCIIInit
                0x000027f8       0x74 ./Middlewares/modbus/ascii/mbascii.o
                0x000027f8                eMBASCIIInit
 .text.eMBASCIIStart
                0x0000286c       0x20 ./Middlewares/modbus/ascii/mbascii.o
                0x0000286c                eMBASCIIStart
 .text.eMBASCIIStop
                0x0000288c       0x14 ./Middlewares/modbus/ascii/mbascii.o
                0x0000288c                eMBASCIIStop
 .text.eMBASCIIReceive
                0x000028a0       0xa0 ./Middlewares/modbus/ascii/mbascii.o
                0x000028a0                eMBASCIIReceive
 .text.eMBASCIISend
                0x00002940       0xc0 ./Middlewares/modbus/ascii/mbascii.o
                0x00002940                eMBASCIISend
 .text.xMBASCIIReceiveFSM
                0x00002a00      0x19c ./Middlewares/modbus/ascii/mbascii.o
                0x00002a00                xMBASCIIReceiveFSM
 .text.xMBASCIITransmitFSM
                0x00002b9c      0x174 ./Middlewares/modbus/ascii/mbascii.o
                0x00002b9c                xMBASCIITransmitFSM
 .text.xMBASCIITimerT1SExpired
                0x00002d10       0x5c ./Middlewares/modbus/ascii/mbascii.o
                0x00002d10                xMBASCIITimerT1SExpired
 .text.prvucMBCHAR2BIN
                0x00002d6c       0x4c ./Middlewares/modbus/ascii/mbascii.o
 .text.prvucMBBIN2CHAR
                0x00002db8       0x5c ./Middlewares/modbus/ascii/mbascii.o
 .text.prvucMBLRC
                0x00002e14       0x58 ./Middlewares/modbus/ascii/mbascii.o
 .text.eMBInit  0x00002e6c      0x198 ./Middlewares/modbus/mb.o
                0x00002e6c                eMBInit
 .text.eMBEnable
                0x00003004       0x3c ./Middlewares/modbus/mb.o
                0x00003004                eMBEnable
 .text.eMBPoll  0x00003040      0x178 ./Middlewares/modbus/mb.o
                0x00003040                eMBPoll
 .text.DMA0_IRQHandler
                0x000031b8       0x48 ./Drivers/dma.o
                0x000031b8                DMA0_IRQHandler
 .text.DMA1_IRQHandler
                0x00003200       0x48 ./Drivers/dma.o
                0x00003200                DMA1_IRQHandler
 .text.DMA2_IRQHandler
                0x00003248       0x48 ./Drivers/dma.o
                0x00003248                DMA2_IRQHandler
 .text.DMA3_IRQHandler
                0x00003290       0x48 ./Drivers/dma.o
                0x00003290                DMA3_IRQHandler
 .text.gpio_Init
                0x000032d8      0x204 ./Drivers/gpio.o
                0x000032d8                gpio_Init
 .text.gpio_Toggle
                0x000034dc       0x28 ./Drivers/gpio.o
                0x000034dc                gpio_Toggle
 .text.NVIC_EnableIRQ
                0x00003504       0x2c ./Drivers/pit.o
 .text.pit_Init
                0x00003530       0xb0 ./Drivers/pit.o
                0x00003530                pit_Init
 .text.pit_Start
                0x000035e0       0x40 ./Drivers/pit.o
                0x000035e0                pit_Start
 .text.pit_Stop
                0x00003620       0x44 ./Drivers/pit.o
                0x00003620                pit_Stop
 .text.pit_Add_Callback
                0x00003664       0x20 ./Drivers/pit.o
                0x00003664                pit_Add_Callback
 .text.PIT_IRQHandler
                0x00003684       0x74 ./Drivers/pit.o
                0x00003684                PIT_IRQHandler
 .text.NVIC_EnableIRQ
                0x000036f8       0x2c ./Drivers/uart.o
 .text.uart_Init
                0x00003724      0x3b0 ./Drivers/uart.o
                0x00003724                uart_Init
 .text.uart_enable_irq
                0x00003ad4       0x4c ./Drivers/uart.o
                0x00003ad4                uart_enable_irq
 .text.uart_add_callback
                0x00003b20       0x5c ./Drivers/uart.o
                0x00003b20                uart_add_callback
 .text.UART0_IRQHandler
                0x00003b7c       0x1c ./Drivers/uart.o
                0x00003b7c                UART0_IRQHandler
 .text.UART1_IRQHandler
                0x00003b98       0x1c ./Drivers/uart.o
                0x00003b98                UART1_IRQHandler
 .text.UART2_IRQHandler
                0x00003bb4       0x1c ./Drivers/uart.o
                0x00003bb4                UART2_IRQHandler
 .text.__assert_func
                0x00003bd0       0x3c /opt/Freescale/KDS_v3/toolchain/bin/../lib/gcc/arm-none-eabi/4.8.4/../../../../arm-none-eabi/lib/armv6-m/libg_s.a(lib_a-assert.o)
                0x00003bd0                __assert_func
 .text.exit     0x00003c0c       0x2c /opt/Freescale/KDS_v3/toolchain/bin/../lib/gcc/arm-none-eabi/4.8.4/../../../../arm-none-eabi/lib/armv6-m/libg_s.a(lib_a-exit.o)
                0x00003c0c                exit
 .text.fprintf  0x00003c38       0x24 /opt/Freescale/KDS_v3/toolchain/bin/../lib/gcc/arm-none-eabi/4.8.4/../../../../arm-none-eabi/lib/armv6-m/libg_s.a(lib_a-fprintf.o)
                0x00003c38                fprintf
                0x00003c38                fiprintf
 .text.__libc_init_array
                0x00003c5c       0x4c /opt/Freescale/KDS_v3/toolchain/bin/../lib/gcc/arm-none-eabi/4.8.4/../../../../arm-none-eabi/lib/armv6-m/libg_s.a(lib_a-init.o)
                0x00003c5c                __libc_init_array
 .text.memcpy   0x00003ca8       0x12 /opt/Freescale/KDS_v3/toolchain/bin/../lib/gcc/arm-none-eabi/4.8.4/../../../../arm-none-eabi/lib/armv6-m/libg_s.a(lib_a-memcpy-stub.o)
                0x00003ca8                memcpy
 .text.memset   0x00003cba       0x10 /opt/Freescale/KDS_v3/toolchain/bin/../lib/gcc/arm-none-eabi/4.8.4/../../../../arm-none-eabi/lib/armv6-m/libg_s.a(lib_a-memset.o)
                0x00003cba                memset
 .text.__sfputc_r
                0x00003cca       0x2a /opt/Freescale/KDS_v3/toolchain/bin/../lib/gcc/arm-none-eabi/4.8.4/../../../../arm-none-eabi/lib/armv6-m/libg_s.a(lib_a-vfprintf.o)
 .text.__sfputs_r
                0x00003cf4       0x24 /opt/Freescale/KDS_v3/toolchain/bin/../lib/gcc/arm-none-eabi/4.8.4/../../../../arm-none-eabi/lib/armv6-m/libg_s.a(lib_a-vfprintf.o)
                0x00003cf4                __sfputs_r
 .text._vfprintf_r
                0x00003d18      0x210 /opt/Freescale/KDS_v3/toolchain/bin/../lib/gcc/arm-none-eabi/4.8.4/../../../../arm-none-eabi/lib/armv6-m/libg_s.a(lib_a-vfprintf.o)
                0x00003d18                _vfiprintf_r
                0x00003d18                _vfprintf_r
 .text._printf_common
                0x00003f28       0xe8 /opt/Freescale/KDS_v3/toolchain/bin/../lib/gcc/arm-none-eabi/4.8.4/../../../../arm-none-eabi/lib/armv6-m/libg_s.a(lib_a-vfprintf_i.o)
                0x00003f28                _printf_common
 .text._printf_i
                0x00004010      0x22c /opt/Freescale/KDS_v3/toolchain/bin/../lib/gcc/arm-none-eabi/4.8.4/../../../../arm-none-eabi/lib/armv6-m/libg_s.a(lib_a-vfprintf_i.o)
                0x00004010                _printf_i
 .text.__swbuf_r
                0x0000423c       0xb0 /opt/Freescale/KDS_v3/toolchain/bin/../lib/gcc/arm-none-eabi/4.8.4/../../../../arm-none-eabi/lib/armv6-m/libg_s.a(lib_a-wbuf.o)
                0x0000423c                __swbuf_r
 .text.__swsetup_r
                0x000042ec       0xe4 /opt/Freescale/KDS_v3/toolchain/bin/../lib/gcc/arm-none-eabi/4.8.4/../../../../arm-none-eabi/lib/armv6-m/libg_s.a(lib_a-wsetup.o)
                0x000042ec                __swsetup_r
 .text.abort    0x000043d0        0xe /opt/Freescale/KDS_v3/toolchain/bin/../lib/gcc/arm-none-eabi/4.8.4/../../../../arm-none-eabi/lib/armv6-m/libg_s.a(lib_a-abort.o)
                0x000043d0                abort
 .text.__sflush_r
                0x000043de      0x112 /opt/Freescale/KDS_v3/toolchain/bin/../lib/gcc/arm-none-eabi/4.8.4/../../../../arm-none-eabi/lib/armv6-m/libg_s.a(lib_a-fflush.o)
                0x000043de                __sflush_r
 .text._fflush_r
                0x000044f0       0x58 /opt/Freescale/KDS_v3/toolchain/bin/../lib/gcc/arm-none-eabi/4.8.4/../../../../arm-none-eabi/lib/armv6-m/libg_s.a(lib_a-fflush.o)
                0x000044f0                _fflush_r
 .text._cleanup_r
                0x00004548       0x34 /opt/Freescale/KDS_v3/toolchain/bin/../lib/gcc/arm-none-eabi/4.8.4/../../../../arm-none-eabi/lib/armv6-m/libg_s.a(lib_a-findfp.o)
                0x00004548                _cleanup_r
 .text.std.isra.0
                0x0000457c       0x48 /opt/Freescale/KDS_v3/toolchain/bin/../lib/gcc/arm-none-eabi/4.8.4/../../../../arm-none-eabi/lib/armv6-m/libg_s.a(lib_a-findfp.o)
 .text.__sfmoreglue
                0x000045c4       0x2c /opt/Freescale/KDS_v3/toolchain/bin/../lib/gcc/arm-none-eabi/4.8.4/../../../../arm-none-eabi/lib/armv6-m/libg_s.a(lib_a-findfp.o)
                0x000045c4                __sfmoreglue
 .text.__sinit  0x000045f0       0x64 /opt/Freescale/KDS_v3/toolchain/bin/../lib/gcc/arm-none-eabi/4.8.4/../../../../arm-none-eabi/lib/armv6-m/libg_s.a(lib_a-findfp.o)
                0x000045f0                __sinit
 .text.__sfp    0x00004654       0x7c /opt/Freescale/KDS_v3/toolchain/bin/../lib/gcc/arm-none-eabi/4.8.4/../../../../arm-none-eabi/lib/armv6-m/libg_s.a(lib_a-findfp.o)
                0x00004654                __sfp
 .text.__smakebuf_r
                0x000046d0       0xa0 /opt/Freescale/KDS_v3/toolchain/bin/../lib/gcc/arm-none-eabi/4.8.4/../../../../arm-none-eabi/lib/armv6-m/libg_s.a(lib_a-makebuf.o)
                0x000046d0                __smakebuf_r
 .text.memchr   0x00004770       0x16 /opt/Freescale/KDS_v3/toolchain/bin/../lib/gcc/arm-none-eabi/4.8.4/../../../../arm-none-eabi/lib/armv6-m/libg_s.a(lib_a-memchr-stub.o)
                0x00004770                memchr
 *fill*         0x00004786        0x2 
 .text._free_r  0x00004788       0x90 /opt/Freescale/KDS_v3/toolchain/bin/../lib/gcc/arm-none-eabi/4.8.4/../../../../arm-none-eabi/lib/armv6-m/libg_s.a(lib_a-nano-freer.o)
                0x00004788                _free_r
 .text._malloc_r
                0x00004818       0xa8 /opt/Freescale/KDS_v3/toolchain/bin/../lib/gcc/arm-none-eabi/4.8.4/../../../../arm-none-eabi/lib/armv6-m/libg_s.a(lib_a-nano-mallocr.o)
                0x00004818                _malloc_r
 .text._sbrk_r  0x000048c0       0x24 /opt/Freescale/KDS_v3/toolchain/bin/../lib/gcc/arm-none-eabi/4.8.4/../../../../arm-none-eabi/lib/armv6-m/libg_s.a(lib_a-sbrkr.o)
                0x000048c0                _sbrk_r
 .text._raise_r
                0x000048e4       0x56 /opt/Freescale/KDS_v3/toolchain/bin/../lib/gcc/arm-none-eabi/4.8.4/../../../../arm-none-eabi/lib/armv6-m/libg_s.a(lib_a-signal.o)
                0x000048e4                _raise_r
 *fill*         0x0000493a        0x2 
 .text.raise    0x0000493c       0x14 /opt/Freescale/KDS_v3/toolchain/bin/../lib/gcc/arm-none-eabi/4.8.4/../../../../arm-none-eabi/lib/armv6-m/libg_s.a(lib_a-signal.o)
                0x0000493c                raise
 .text._kill_r  0x00004950       0x24 /opt/Freescale/KDS_v3/toolchain/bin/../lib/gcc/arm-none-eabi/4.8.4/../../../../arm-none-eabi/lib/armv6-m/libg_s.a(lib_a-signalr.o)
                0x00004950                _kill_r
 .text._getpid_r
                0x00004974        0x8 /opt/Freescale/KDS_v3/toolchain/bin/../lib/gcc/arm-none-eabi/4.8.4/../../../../arm-none-eabi/lib/armv6-m/libg_s.a(lib_a-signalr.o)
                0x00004974                _getpid_r
 .text.__sread  0x0000497c       0x28 /opt/Freescale/KDS_v3/toolchain/bin/../lib/gcc/arm-none-eabi/4.8.4/../../../../arm-none-eabi/lib/armv6-m/libg_s.a(lib_a-stdio.o)
                0x0000497c                __sread
 .text.__swrite
                0x000049a4       0x38 /opt/Freescale/KDS_v3/toolchain/bin/../lib/gcc/arm-none-eabi/4.8.4/../../../../arm-none-eabi/lib/armv6-m/libg_s.a(lib_a-stdio.o)
                0x000049a4                __swrite
 .text.__sseek  0x000049dc       0x2c /opt/Freescale/KDS_v3/toolchain/bin/../lib/gcc/arm-none-eabi/4.8.4/../../../../arm-none-eabi/lib/armv6-m/libg_s.a(lib_a-stdio.o)
                0x000049dc                __sseek
 .text.__sclose
                0x00004a08        0xc /opt/Freescale/KDS_v3/toolchain/bin/../lib/gcc/arm-none-eabi/4.8.4/../../../../arm-none-eabi/lib/armv6-m/libg_s.a(lib_a-stdio.o)
                0x00004a08                __sclose
 .text.strlen   0x00004a14        0xe /opt/Freescale/KDS_v3/toolchain/bin/../lib/gcc/arm-none-eabi/4.8.4/../../../../arm-none-eabi/lib/armv6-m/libg_s.a(lib_a-strlen.o)
                0x00004a14                strlen
 *fill*         0x00004a22        0x2 
 .text._write_r
                0x00004a24       0x28 /opt/Freescale/KDS_v3/toolchain/bin/../lib/gcc/arm-none-eabi/4.8.4/../../../../arm-none-eabi/lib/armv6-m/libg_s.a(lib_a-writer.o)
                0x00004a24                _write_r
 .text._close_r
                0x00004a4c       0x24 /opt/Freescale/KDS_v3/toolchain/bin/../lib/gcc/arm-none-eabi/4.8.4/../../../../arm-none-eabi/lib/armv6-m/libg_s.a(lib_a-closer.o)
                0x00004a4c                _close_r
 .text._fstat_r
                0x00004a70       0x24 /opt/Freescale/KDS_v3/toolchain/bin/../lib/gcc/arm-none-eabi/4.8.4/../../../../arm-none-eabi/lib/armv6-m/libg_s.a(lib_a-fstatr.o)
                0x00004a70                _fstat_r
 .text._isatty_r
                0x00004a94       0x24 /opt/Freescale/KDS_v3/toolchain/bin/../lib/gcc/arm-none-eabi/4.8.4/../../../../arm-none-eabi/lib/armv6-m/libg_s.a(lib_a-isattyr.o)
                0x00004a94                _isatty_r
 .text._lseek_r
                0x00004ab8       0x28 /opt/Freescale/KDS_v3/toolchain/bin/../lib/gcc/arm-none-eabi/4.8.4/../../../../arm-none-eabi/lib/armv6-m/libg_s.a(lib_a-lseekr.o)
                0x00004ab8                _lseek_r
 .text._read_r  0x00004ae0       0x28 /opt/Freescale/KDS_v3/toolchain/bin/../lib/gcc/arm-none-eabi/4.8.4/../../../../arm-none-eabi/lib/armv6-m/libg_s.a(lib_a-readr.o)
                0x00004ae0                _read_r
 .text._close   0x00004b08       0x10 /opt/Freescale/KDS_v3/toolchain/bin/../lib/gcc/arm-none-eabi/4.8.4/../../../../arm-none-eabi/lib/armv6-m/libnosys.a(close.o)
                0x00004b08                _close
 .text._fstat   0x00004b18       0x10 /opt/Freescale/KDS_v3/toolchain/bin/../lib/gcc/arm-none-eabi/4.8.4/../../../../arm-none-eabi/lib/armv6-m/libnosys.a(fstat.o)
                0x00004b18                _fstat
 .text._getpid  0x00004b28       0x10 /opt/Freescale/KDS_v3/toolchain/bin/../lib/gcc/arm-none-eabi/4.8.4/../../../../arm-none-eabi/lib/armv6-m/libnosys.a(getpid.o)
                0x00004b28                _getpid
 .text._isatty  0x00004b38       0x10 /opt/Freescale/KDS_v3/toolchain/bin/../lib/gcc/arm-none-eabi/4.8.4/../../../../arm-none-eabi/lib/armv6-m/libnosys.a(isatty.o)
                0x00004b38                _isatty
 .text._kill    0x00004b48       0x10 /opt/Freescale/KDS_v3/toolchain/bin/../lib/gcc/arm-none-eabi/4.8.4/../../../../arm-none-eabi/lib/armv6-m/libnosys.a(kill.o)
                0x00004b48                _kill
 .text._lseek   0x00004b58       0x10 /opt/Freescale/KDS_v3/toolchain/bin/../lib/gcc/arm-none-eabi/4.8.4/../../../../arm-none-eabi/lib/armv6-m/libnosys.a(lseek.o)
                0x00004b58                _lseek
 .text._read    0x00004b68       0x10 /opt/Freescale/KDS_v3/toolchain/bin/../lib/gcc/arm-none-eabi/4.8.4/../../../../arm-none-eabi/lib/armv6-m/libnosys.a(read.o)
                0x00004b68                _read
 .text._sbrk    0x00004b78       0x34 /opt/Freescale/KDS_v3/toolchain/bin/../lib/gcc/arm-none-eabi/4.8.4/../../../../arm-none-eabi/lib/armv6-m/libnosys.a(sbrk.o)
                0x00004b78                _sbrk
 .text._write   0x00004bac       0x10 /opt/Freescale/KDS_v3/toolchain/bin/../lib/gcc/arm-none-eabi/4.8.4/../../../../arm-none-eabi/lib/armv6-m/libnosys.a(write.o)
                0x00004bac                _write
 .text._exit    0x00004bbc        0x4 /opt/Freescale/KDS_v3/toolchain/bin/../lib/gcc/arm-none-eabi/4.8.4/../../../../arm-none-eabi/lib/armv6-m/libnosys.a(_exit.o)
                0x00004bbc                _exit
 *(.rodata)
 .rodata        0x00004bc0       0xe8 ./Middlewares/modbus/rtu/mbrtu.o
 .rodata        0x00004ca8       0x3c ./Middlewares/modbus/functions/mbutils.o
 .rodata        0x00004ce4       0xd0 ./Middlewares/modbus/ascii/mbascii.o
 *(.rodata*)
 .rodata.aucCRCHi
                0x00004db4      0x100 ./Middlewares/modbus/rtu/mbcrc.o
 .rodata.aucCRCLo
                0x00004eb4      0x100 ./Middlewares/modbus/rtu/mbcrc.o
 .rodata.__func__.4670
                0x00004fb4       0x10 ./Middlewares/modbus/rtu/mbrtu.o
 .rodata.__func__.4683
                0x00004fc4       0x14 ./Middlewares/modbus/rtu/mbrtu.o
 .rodata.__func__.4693
                0x00004fd8       0x14 ./Middlewares/modbus/rtu/mbrtu.o
 .rodata.__func__.4706
                0x00004fec       0x18 ./Middlewares/modbus/rtu/mbrtu.o
 .rodata.__func__.4602
                0x00005004       0x10 ./Middlewares/modbus/functions/mbutils.o
 .rodata.xMBASCIITransmitFSM
                0x00005014       0x14 ./Middlewares/modbus/ascii/mbascii.o
 .rodata.__func__.4683
                0x00005028       0x10 ./Middlewares/modbus/ascii/mbascii.o
 .rodata.__func__.4697
                0x00005038       0x14 ./Middlewares/modbus/ascii/mbascii.o
 .rodata.__func__.4710
                0x0000504c       0x14 ./Middlewares/modbus/ascii/mbascii.o
 .rodata.__func__.4727
                0x00005060       0x18 ./Middlewares/modbus/ascii/mbascii.o
 .rodata.__func__.4734
                0x00005078       0x10 ./Middlewares/modbus/ascii/mbascii.o
 .rodata.uart_Init
                0x00005088       0x14 ./Drivers/uart.o
 .rodata.str1.1
                0x0000509c       0x3c /opt/Freescale/KDS_v3/toolchain/bin/../lib/gcc/arm-none-eabi/4.8.4/../../../../arm-none-eabi/lib/armv6-m/libg_s.a(lib_a-assert.o)
                                 0x3d (size before relaxing)
 .rodata.str1.1
                0x000050d8        0x2 /opt/Freescale/KDS_v3/toolchain/bin/../lib/gcc/arm-none-eabi/4.8.4/../../../../arm-none-eabi/lib/armv6-m/libg_s.a(lib_a-impure.o)
 *fill*         0x000050da        0x2 
 .rodata._global_impure_ptr
                0x000050dc        0x4 /opt/Freescale/KDS_v3/toolchain/bin/../lib/gcc/arm-none-eabi/4.8.4/../../../../arm-none-eabi/lib/armv6-m/libg_s.a(lib_a-impure.o)
                0x000050dc                _global_impure_ptr
 .rodata.str1.1
                0x000050e0       0x11 /opt/Freescale/KDS_v3/toolchain/bin/../lib/gcc/arm-none-eabi/4.8.4/../../../../arm-none-eabi/lib/armv6-m/libg_s.a(lib_a-vfprintf.o)
 .rodata.str1.1
                0x000050f1       0x22 /opt/Freescale/KDS_v3/toolchain/bin/../lib/gcc/arm-none-eabi/4.8.4/../../../../arm-none-eabi/lib/armv6-m/libg_s.a(lib_a-vfprintf_i.o)
 *fill*         0x00005113        0x1 
 .rodata.__sf_fake_stdin
                0x00005114       0x20 /opt/Freescale/KDS_v3/toolchain/bin/../lib/gcc/arm-none-eabi/4.8.4/../../../../arm-none-eabi/lib/armv6-m/libg_s.a(lib_a-findfp.o)
                0x00005114                __sf_fake_stdin
 .rodata.__sf_fake_stdout
                0x00005134       0x20 /opt/Freescale/KDS_v3/toolchain/bin/../lib/gcc/arm-none-eabi/4.8.4/../../../../arm-none-eabi/lib/armv6-m/libg_s.a(lib_a-findfp.o)
                0x00005134                __sf_fake_stdout
 .rodata.__sf_fake_stderr
                0x00005154       0x20 /opt/Freescale/KDS_v3/toolchain/bin/../lib/gcc/arm-none-eabi/4.8.4/../../../../arm-none-eabi/lib/armv6-m/libg_s.a(lib_a-findfp.o)
                0x00005154                __sf_fake_stderr
 *(.glue_7)
 .glue_7        0x00000000        0x0 linker stubs
 *(.glue_7t)
 .glue_7t       0x00000000        0x0 linker stubs
 *(.eh_frame)
 .eh_frame      0x00005174        0x0 /opt/Freescale/KDS_v3/toolchain/bin/../lib/gcc/arm-none-eabi/4.8.4/armv6-m/crtbegin.o
 *(.init)
 .init          0x00005174        0x4 /opt/Freescale/KDS_v3/toolchain/bin/../lib/gcc/arm-none-eabi/4.8.4/armv6-m/crti.o
                0x00005174                _init
 .init          0x00005178        0x8 /opt/Freescale/KDS_v3/toolchain/bin/../lib/gcc/arm-none-eabi/4.8.4/armv6-m/crtn.o
 *(.fini)
 .fini          0x00005180        0x4 /opt/Freescale/KDS_v3/toolchain/bin/../lib/gcc/arm-none-eabi/4.8.4/armv6-m/crti.o
                0x00005180                _fini
 .fini          0x00005184        0x8 /opt/Freescale/KDS_v3/toolchain/bin/../lib/gcc/arm-none-eabi/4.8.4/armv6-m/crtn.o
                0x0000518c                . = ALIGN (0x4)

.vfp11_veneer   0x0000518c        0x0
 .vfp11_veneer  0x00000000        0x0 linker stubs

.v4_bx          0x0000518c        0x0
 .v4_bx         0x00000000        0x0 linker stubs

.iplt           0x0000518c        0x0
 .iplt          0x00000000        0x0 /opt/Freescale/KDS_v3/toolchain/bin/../lib/gcc/arm-none-eabi/4.8.4/armv6-m/crtbegin.o

.ARM.extab
 *(.ARM.extab* .gnu.linkonce.armextab.*)

.ARM            0x0000518c        0x8
                0x0000518c                __exidx_start = .
 *(.ARM.exidx*)
 .ARM.exidx     0x0000518c        0x8 /opt/Freescale/KDS_v3/toolchain/bin/../lib/gcc/arm-none-eabi/4.8.4/../../../../arm-none-eabi/lib/armv6-m/crt0.o
 .ARM.exidx     0x00005194        0x0 /opt/Freescale/KDS_v3/toolchain/bin/../lib/gcc/arm-none-eabi/4.8.4/armv6-m/libgcc.a(_divdi3.o)
                                  0x8 (size before relaxing)
 .ARM.exidx     0x00005194        0x0 /opt/Freescale/KDS_v3/toolchain/bin/../lib/gcc/arm-none-eabi/4.8.4/armv6-m/libgcc.a(_udivdi3.o)
                                  0x8 (size before relaxing)
                0x00005194                __exidx_end = .

.rel.dyn        0x00005194        0x0
 .rel.iplt      0x00000000        0x0 /opt/Freescale/KDS_v3/toolchain/bin/../lib/gcc/arm-none-eabi/4.8.4/armv6-m/crtbegin.o

.ctors          0x00005194        0x0
                0x00005194                __CTOR_LIST__ = .
 *crtbegin.o(.ctors)
 *crtbegin?.o(.ctors)
 *(EXCLUDE_FILE(*crtend.o *crtend?.o) .ctors)
 *(SORT(.ctors.*))
 *(.ctors)
                0x00005194                __CTOR_END__ = .

.dtors          0x00005194        0x0
                0x00005194                __DTOR_LIST__ = .
 *crtbegin.o(.dtors)
 *crtbegin?.o(.dtors)
 *(EXCLUDE_FILE(*crtend.o *crtend?.o) .dtors)
 *(SORT(.dtors.*))
 *(.dtors)
                0x00005194                __DTOR_END__ = .

.preinit_array  0x00005194        0x0
                0x00005194                PROVIDE (__preinit_array_start, .)
 *(.preinit_array*)
                0x00005194                PROVIDE (__preinit_array_end, .)

.init_array     0x00005194        0x4
                0x00005194                PROVIDE (__init_array_start, .)
 *(SORT(.init_array.*))
 *(.init_array*)
 .init_array    0x00005194        0x4 /opt/Freescale/KDS_v3/toolchain/bin/../lib/gcc/arm-none-eabi/4.8.4/armv6-m/crtbegin.o
                0x00005198                PROVIDE (__init_array_end, .)

.fini_array     0x00005198        0x4
                0x00005198                PROVIDE (__fini_array_start, .)
 *(SORT(.fini_array.*))
 *(.fini_array*)
 .fini_array    0x00005198        0x4 /opt/Freescale/KDS_v3/toolchain/bin/../lib/gcc/arm-none-eabi/4.8.4/armv6-m/crtbegin.o
                0x0000519c                PROVIDE (__fini_array_end, .)
                0x0000519c                __etext = .
                0x0000519c                __DATA_ROM = .

.mtb            0x1ffff000        0x0
                0x1ffff000                . = ALIGN (0x8)
                0x1ffff000                _mtb_start = .
 *(.mtb_buf)
                0x1ffff000                . = ALIGN (0x8)
                0x1ffff000                _mtb_end = .

.data           0x1ffff000       0xfc load address 0x0000519c
                0x1ffff000                . = ALIGN (0x4)
                0x1ffff000                __DATA_RAM = .
                0x1ffff000                __data_start__ = .
 *(.data)
 *(.data*)
 .data.usRegDiscreteCoilsStart
                0x1ffff000        0x1 ./Sources/main.o
 *fill*         0x1ffff001        0x1 
 .data.usRegHoldingStart
                0x1ffff002        0x2 ./Sources/main.o
 .data.usRegInputStart
                0x1ffff004        0x2 ./Sources/main.o
 *fill*         0x1ffff006        0x2 
 .data.SystemCoreClock
                0x1ffff008        0x4 ./Project_Settings/Startup_Code/system_MKL25Z4.o
                0x1ffff008                SystemCoreClock
 .data.ucASCIIBuf
                0x1ffff00c        0x4 ./Middlewares/modbus/ascii/mbascii.o
 .data.eMBState
                0x1ffff010        0x1 ./Middlewares/modbus/mb.o
 *fill*         0x1ffff011        0x3 
 .data.xFuncHandlers
                0x1ffff014       0x80 ./Middlewares/modbus/mb.o
 .data.impure_data
                0x1ffff094       0x60 /opt/Freescale/KDS_v3/toolchain/bin/../lib/gcc/arm-none-eabi/4.8.4/../../../../arm-none-eabi/lib/armv6-m/libg_s.a(lib_a-impure.o)
 .data._impure_ptr
                0x1ffff0f4        0x4 /opt/Freescale/KDS_v3/toolchain/bin/../lib/gcc/arm-none-eabi/4.8.4/../../../../arm-none-eabi/lib/armv6-m/libg_s.a(lib_a-impure.o)
                0x1ffff0f4                _impure_ptr
 *(.jcr*)
 .jcr           0x1ffff0f8        0x0 /opt/Freescale/KDS_v3/toolchain/bin/../lib/gcc/arm-none-eabi/4.8.4/armv6-m/crtbegin.o
 .jcr           0x1ffff0f8        0x4 /opt/Freescale/KDS_v3/toolchain/bin/../lib/gcc/arm-none-eabi/4.8.4/armv6-m/crtend.o
                0x1ffff0fc                . = ALIGN (0x4)
                0x1ffff0fc                __data_end__ = .
                0x00005298                __DATA_END = (__DATA_ROM + (__data_end__ - __data_start__))

.igot.plt       0x1ffff0fc        0x0 load address 0x00005298
 .igot.plt      0x00000000        0x0 /opt/Freescale/KDS_v3/toolchain/bin/../lib/gcc/arm-none-eabi/4.8.4/armv6-m/crtbegin.o

.bss            0x1ffff0fc      0x2ac load address 0x00005298
                0x1ffff0fc                . = ALIGN (0x4)
                0x1ffff0fc                __START_BSS = .
                0x1ffff0fc                __bss_start__ = .
 *(.bss)
 .bss           0x1ffff0fc       0x1c /opt/Freescale/KDS_v3/toolchain/bin/../lib/gcc/arm-none-eabi/4.8.4/armv6-m/crtbegin.o
 *(.bss*)
 .bss.usRegCoilsStart
                0x1ffff118        0x1 ./Sources/main.o
 *fill*         0x1ffff119        0x3 
 .bss.usRegDiscreteCoilsBuf
                0x1ffff11c       0x34 ./Sources/main.o
 .bss.usRegCoilsBuf
                0x1ffff150       0x34 ./Sources/main.o
 .bss.usRegHoldingBuf
                0x1ffff184       0x64 ./Sources/main.o
 .bss.usRegInputBuf
                0x1ffff1e8       0x10 ./Sources/main.o
 .bss.eSndState
                0x1ffff1f8        0x1 ./Middlewares/modbus/rtu/mbrtu.o
 .bss.eRcvState
                0x1ffff1f9        0x1 ./Middlewares/modbus/rtu/mbrtu.o
 *fill*         0x1ffff1fa        0x2 
 .bss.pucSndBufferCur
                0x1ffff1fc        0x4 ./Middlewares/modbus/rtu/mbrtu.o
 .bss.usSndBufferCount
                0x1ffff200        0x2 ./Middlewares/modbus/rtu/mbrtu.o
 .bss.usRcvBufferPos
                0x1ffff202        0x2 ./Middlewares/modbus/rtu/mbrtu.o
 .bss.eQueuedEvent
                0x1ffff204        0x1 ./Middlewares/modbus/port/portevent.o
 .bss.xEventInQueue
                0x1ffff205        0x1 ./Middlewares/modbus/port/portevent.o
 *fill*         0x1ffff206        0x2 
 .bss.ucMBSlaveID
                0x1ffff208       0x20 ./Middlewares/modbus/functions/mbfuncother.o
 .bss.usMBSlaveIDLen
                0x1ffff228        0x2 ./Middlewares/modbus/functions/mbfuncother.o
 .bss.eSndState
                0x1ffff22a        0x1 ./Middlewares/modbus/ascii/mbascii.o
 .bss.eRcvState
                0x1ffff22b        0x1 ./Middlewares/modbus/ascii/mbascii.o
 .bss.usRcvBufferPos
                0x1ffff22c        0x2 ./Middlewares/modbus/ascii/mbascii.o
 .bss.eBytePos  0x1ffff22e        0x1 ./Middlewares/modbus/ascii/mbascii.o
 *fill*         0x1ffff22f        0x1 
 .bss.pucSndBufferCur
                0x1ffff230        0x4 ./Middlewares/modbus/ascii/mbascii.o
 .bss.usSndBufferCount
                0x1ffff234        0x2 ./Middlewares/modbus/ascii/mbascii.o
 .bss.ucMBLFCharacter
                0x1ffff236        0x1 ./Middlewares/modbus/ascii/mbascii.o
 .bss.ucMBAddress
                0x1ffff237        0x1 ./Middlewares/modbus/mb.o
 .bss.eMBCurrentMode
                0x1ffff238        0x1 ./Middlewares/modbus/mb.o
 *fill*         0x1ffff239        0x3 
 .bss.peMBFrameSendCur
                0x1ffff23c        0x4 ./Middlewares/modbus/mb.o
 .bss.pvMBFrameStartCur
                0x1ffff240        0x4 ./Middlewares/modbus/mb.o
 .bss.pvMBFrameStopCur
                0x1ffff244        0x4 ./Middlewares/modbus/mb.o
 .bss.peMBFrameReceiveCur
                0x1ffff248        0x4 ./Middlewares/modbus/mb.o
 .bss.pvMBFrameCloseCur
                0x1ffff24c        0x4 ./Middlewares/modbus/mb.o
 .bss.ucRcvAddress.4746
                0x1ffff250        0x1 ./Middlewares/modbus/mb.o
 *fill*         0x1ffff251        0x3 
 .bss.ucMBFrame.4745
                0x1ffff254        0x4 ./Middlewares/modbus/mb.o
 .bss.usLength.4748
                0x1ffff258        0x2 ./Middlewares/modbus/mb.o
 .bss.ucFunctionCode.4747
                0x1ffff25a        0x1 ./Middlewares/modbus/mb.o
 .bss.eException.4749
                0x1ffff25b        0x1 ./Middlewares/modbus/mb.o
 .bss.dma0_task_callback
                0x1ffff25c        0x4 ./Drivers/dma.o
 .bss.dma1_task_callback
                0x1ffff260        0x4 ./Drivers/dma.o
 .bss.dma2_task_callback
                0x1ffff264        0x4 ./Drivers/dma.o
 .bss.dma3_task_callback
                0x1ffff268        0x4 ./Drivers/dma.o
 .bss.__malloc_sbrk_start
                0x1ffff26c        0x4 /opt/Freescale/KDS_v3/toolchain/bin/../lib/gcc/arm-none-eabi/4.8.4/../../../../arm-none-eabi/lib/armv6-m/libg_s.a(lib_a-nano-mallocr.o)
                0x1ffff26c                __malloc_sbrk_start
 .bss.__malloc_free_list
                0x1ffff270        0x4 /opt/Freescale/KDS_v3/toolchain/bin/../lib/gcc/arm-none-eabi/4.8.4/../../../../arm-none-eabi/lib/armv6-m/libg_s.a(lib_a-nano-mallocr.o)
                0x1ffff270                __malloc_free_list
 .bss.heap_end.4246
                0x1ffff274        0x4 /opt/Freescale/KDS_v3/toolchain/bin/../lib/gcc/arm-none-eabi/4.8.4/../../../../arm-none-eabi/lib/armv6-m/libnosys.a(sbrk.o)
 *(COMMON)
 COMMON         0x1ffff278      0x100 ./Middlewares/modbus/rtu/mbrtu.o
                0x1ffff278                ucRTUBuf
 COMMON         0x1ffff378        0x2 ./Middlewares/modbus/port/portserial.o
                0x1ffff378                bTXEnabled
                0x1ffff379                bRXEnabled
 *fill*         0x1ffff37a        0x2 
 COMMON         0x1ffff37c       0x14 ./Middlewares/modbus/mb.o
                0x1ffff37c                pxMBFrameCBTransmitterEmpty
                0x1ffff380                pxMBPortCBTimerExpired
                0x1ffff384                pxMBFrameCBByteReceived
                0x1ffff388                pxMBFrameCBTransmitFSMCur
                0x1ffff38c                pxMBFrameCBReceiveFSMCur
 COMMON         0x1ffff390        0x4 ./Drivers/dma.o
                0x1ffff390                dma_number_byte
 COMMON         0x1ffff394        0x4 ./Drivers/pit.o
                0x1ffff394                pit_task_callback
 COMMON         0x1ffff398        0xc ./Drivers/uart.o
                0x1ffff398                uart2_task_irq
                0x1ffff39c                uart0_task_irq
                0x1ffff3a0                uart1_task_irq
 COMMON         0x1ffff3a4        0x4 /opt/Freescale/KDS_v3/toolchain/bin/../lib/gcc/arm-none-eabi/4.8.4/../../../../arm-none-eabi/lib/armv6-m/libg_s.a(lib_a-reent.o)
                0x1ffff3a4                errno
                0x1ffff3a8                . = ALIGN (0x4)
                0x1ffff3a8                __bss_end__ = .
                0x1ffff3a8                __END_BSS = .

.heap           0x1ffff3a8      0x400 load address 0x00005544
                0x1ffff3a8                . = ALIGN (0x8)
                0x1ffff3a8                __end__ = .
                0x1ffff3a8                PROVIDE (end, .)
                0x1ffff3a8                __HeapBase = .
                0x1ffff7a8                . = (. + HEAP_SIZE)
 *fill*         0x1ffff3a8      0x400 
                0x1ffff7a8                __HeapLimit = .

.stack          0x1ffff7a8      0x400 load address 0x00005944
                0x1ffff7a8                . = ALIGN (0x8)
                0x1ffffba8                . = (. + STACK_SIZE)
 *fill*         0x1ffff7a8      0x400 
                0x20003000                __StackTop = (ORIGIN (m_data) + 0x4000)
                0x20002c00                __StackLimit = (__StackTop - STACK_SIZE)
                0x20003000                PROVIDE (__stack, __StackTop)

.ARM.attributes
                0x00000000       0x28
 *(.ARM.attributes)
 .ARM.attributes
                0x00000000       0x1e /opt/Freescale/KDS_v3/toolchain/bin/../lib/gcc/arm-none-eabi/4.8.4/armv6-m/crti.o
 .ARM.attributes
                0x0000001e       0x2c /opt/Freescale/KDS_v3/toolchain/bin/../lib/gcc/arm-none-eabi/4.8.4/armv6-m/crtbegin.o
 .ARM.attributes
                0x0000004a       0x1b /opt/Freescale/KDS_v3/toolchain/bin/../lib/gcc/arm-none-eabi/4.8.4/../../../../arm-none-eabi/lib/armv6-m/crt0.o
 .ARM.attributes
                0x00000065       0x32 ./Sources/main.o
 .ARM.attributes
                0x00000097       0x1b ./Project_Settings/Startup_Code/startup_MKL25Z4.o
 .ARM.attributes
                0x000000b2       0x32 ./Project_Settings/Startup_Code/system_MKL25Z4.o
 .ARM.attributes
                0x000000e4       0x32 ./Middlewares/modbus/rtu/mbcrc.o
 .ARM.attributes
                0x00000116       0x32 ./Middlewares/modbus/rtu/mbrtu.o
 .ARM.attributes
                0x00000148       0x32 ./Middlewares/modbus/port/portevent.o
 .ARM.attributes
                0x0000017a       0x32 ./Middlewares/modbus/port/portserial.o
 .ARM.attributes
                0x000001ac       0x32 ./Middlewares/modbus/port/porttimer.o
 .ARM.attributes
                0x000001de       0x32 ./Middlewares/modbus/functions/mbfunccoils.o
 .ARM.attributes
                0x00000210       0x32 ./Middlewares/modbus/functions/mbfuncdisc.o
 .ARM.attributes
                0x00000242       0x32 ./Middlewares/modbus/functions/mbfuncholding.o
 .ARM.attributes
                0x00000274       0x32 ./Middlewares/modbus/functions/mbfuncinput.o
 .ARM.attributes
                0x000002a6       0x32 ./Middlewares/modbus/functions/mbfuncother.o
 .ARM.attributes
                0x000002d8       0x32 ./Middlewares/modbus/functions/mbutils.o
 .ARM.attributes
                0x0000030a       0x32 ./Middlewares/modbus/ascii/mbascii.o
 .ARM.attributes
                0x0000033c       0x32 ./Middlewares/modbus/mb.o
 .ARM.attributes
                0x0000036e       0x32 ./Drivers/dma.o
 .ARM.attributes
                0x000003a0       0x32 ./Drivers/gpio.o
 .ARM.attributes
                0x000003d2       0x32 ./Drivers/pit.o
 .ARM.attributes
                0x00000404       0x32 ./Drivers/uart.o
 .ARM.attributes
                0x00000436       0x1e /opt/Freescale/KDS_v3/toolchain/bin/../lib/gcc/arm-none-eabi/4.8.4/armv6-m/libgcc.a(_udivsi3.o)
 .ARM.attributes
                0x00000454       0x1e /opt/Freescale/KDS_v3/toolchain/bin/../lib/gcc/arm-none-eabi/4.8.4/armv6-m/libgcc.a(_dvmd_tls.o)
 .ARM.attributes
                0x00000472       0x1e /opt/Freescale/KDS_v3/toolchain/bin/../lib/gcc/arm-none-eabi/4.8.4/armv6-m/libgcc.a(_aeabi_uldivmod.o)
 .ARM.attributes
                0x00000490       0x2c /opt/Freescale/KDS_v3/toolchain/bin/../lib/gcc/arm-none-eabi/4.8.4/armv6-m/libgcc.a(_muldi3.o)
 .ARM.attributes
                0x000004bc       0x2c /opt/Freescale/KDS_v3/toolchain/bin/../lib/gcc/arm-none-eabi/4.8.4/armv6-m/libgcc.a(bpabi.o)
 .ARM.attributes
                0x000004e8       0x2c /opt/Freescale/KDS_v3/toolchain/bin/../lib/gcc/arm-none-eabi/4.8.4/armv6-m/libgcc.a(_divdi3.o)
 .ARM.attributes
                0x00000514       0x2c /opt/Freescale/KDS_v3/toolchain/bin/../lib/gcc/arm-none-eabi/4.8.4/armv6-m/libgcc.a(_udivdi3.o)
 .ARM.attributes
                0x00000540       0x1e /opt/Freescale/KDS_v3/toolchain/bin/../lib/gcc/arm-none-eabi/4.8.4/armv6-m/libgcc.a(_clzsi2.o)
 .ARM.attributes
                0x0000055e       0x2c /opt/Freescale/KDS_v3/toolchain/bin/../lib/gcc/arm-none-eabi/4.8.4/../../../../arm-none-eabi/lib/armv6-m/libg_s.a(lib_a-assert.o)
 .ARM.attributes
                0x0000058a       0x2c /opt/Freescale/KDS_v3/toolchain/bin/../lib/gcc/arm-none-eabi/4.8.4/../../../../arm-none-eabi/lib/armv6-m/libg_s.a(lib_a-exit.o)
 .ARM.attributes
                0x000005b6       0x2c /opt/Freescale/KDS_v3/toolchain/bin/../lib/gcc/arm-none-eabi/4.8.4/../../../../arm-none-eabi/lib/armv6-m/libg_s.a(lib_a-fprintf.o)
 .ARM.attributes
                0x000005e2       0x2c /opt/Freescale/KDS_v3/toolchain/bin/../lib/gcc/arm-none-eabi/4.8.4/../../../../arm-none-eabi/lib/armv6-m/libg_s.a(lib_a-impure.o)
 .ARM.attributes
                0x0000060e       0x2c /opt/Freescale/KDS_v3/toolchain/bin/../lib/gcc/arm-none-eabi/4.8.4/../../../../arm-none-eabi/lib/armv6-m/libg_s.a(lib_a-init.o)
 .ARM.attributes
                0x0000063a       0x2c /opt/Freescale/KDS_v3/toolchain/bin/../lib/gcc/arm-none-eabi/4.8.4/../../../../arm-none-eabi/lib/armv6-m/libg_s.a(lib_a-memcpy-stub.o)
 .ARM.attributes
                0x00000666       0x2c /opt/Freescale/KDS_v3/toolchain/bin/../lib/gcc/arm-none-eabi/4.8.4/../../../../arm-none-eabi/lib/armv6-m/libg_s.a(lib_a-memset.o)
 .ARM.attributes
                0x00000692       0x2c /opt/Freescale/KDS_v3/toolchain/bin/../lib/gcc/arm-none-eabi/4.8.4/../../../../arm-none-eabi/lib/armv6-m/libg_s.a(lib_a-vfprintf.o)
 .ARM.attributes
                0x000006be       0x2c /opt/Freescale/KDS_v3/toolchain/bin/../lib/gcc/arm-none-eabi/4.8.4/../../../../arm-none-eabi/lib/armv6-m/libg_s.a(lib_a-vfprintf_i.o)
 .ARM.attributes
                0x000006ea       0x2c /opt/Freescale/KDS_v3/toolchain/bin/../lib/gcc/arm-none-eabi/4.8.4/../../../../arm-none-eabi/lib/armv6-m/libg_s.a(lib_a-wbuf.o)
 .ARM.attributes
                0x00000716       0x2c /opt/Freescale/KDS_v3/toolchain/bin/../lib/gcc/arm-none-eabi/4.8.4/../../../../arm-none-eabi/lib/armv6-m/libg_s.a(lib_a-wsetup.o)
 .ARM.attributes
                0x00000742       0x2c /opt/Freescale/KDS_v3/toolchain/bin/../lib/gcc/arm-none-eabi/4.8.4/../../../../arm-none-eabi/lib/armv6-m/libg_s.a(lib_a-abort.o)
 .ARM.attributes
                0x0000076e       0x2c /opt/Freescale/KDS_v3/toolchain/bin/../lib/gcc/arm-none-eabi/4.8.4/../../../../arm-none-eabi/lib/armv6-m/libg_s.a(lib_a-fflush.o)
 .ARM.attributes
                0x0000079a       0x2c /opt/Freescale/KDS_v3/toolchain/bin/../lib/gcc/arm-none-eabi/4.8.4/../../../../arm-none-eabi/lib/armv6-m/libg_s.a(lib_a-findfp.o)
 .ARM.attributes
                0x000007c6       0x2c /opt/Freescale/KDS_v3/toolchain/bin/../lib/gcc/arm-none-eabi/4.8.4/../../../../arm-none-eabi/lib/armv6-m/libg_s.a(lib_a-makebuf.o)
 .ARM.attributes
                0x000007f2       0x2c /opt/Freescale/KDS_v3/toolchain/bin/../lib/gcc/arm-none-eabi/4.8.4/../../../../arm-none-eabi/lib/armv6-m/libg_s.a(lib_a-memchr-stub.o)
 .ARM.attributes
                0x0000081e       0x2c /opt/Freescale/KDS_v3/toolchain/bin/../lib/gcc/arm-none-eabi/4.8.4/../../../../arm-none-eabi/lib/armv6-m/libg_s.a(lib_a-nano-freer.o)
 .ARM.attributes
                0x0000084a       0x2c /opt/Freescale/KDS_v3/toolchain/bin/../lib/gcc/arm-none-eabi/4.8.4/../../../../arm-none-eabi/lib/armv6-m/libg_s.a(lib_a-nano-mallocr.o)
 .ARM.attributes
                0x00000876       0x2c /opt/Freescale/KDS_v3/toolchain/bin/../lib/gcc/arm-none-eabi/4.8.4/../../../../arm-none-eabi/lib/armv6-m/libg_s.a(lib_a-sbrkr.o)
 .ARM.attributes
                0x000008a2       0x2c /opt/Freescale/KDS_v3/toolchain/bin/../lib/gcc/arm-none-eabi/4.8.4/../../../../arm-none-eabi/lib/armv6-m/libg_s.a(lib_a-signal.o)
 .ARM.attributes
                0x000008ce       0x2c /opt/Freescale/KDS_v3/toolchain/bin/../lib/gcc/arm-none-eabi/4.8.4/../../../../arm-none-eabi/lib/armv6-m/libg_s.a(lib_a-signalr.o)
 .ARM.attributes
                0x000008fa       0x2c /opt/Freescale/KDS_v3/toolchain/bin/../lib/gcc/arm-none-eabi/4.8.4/../../../../arm-none-eabi/lib/armv6-m/libg_s.a(lib_a-stdio.o)
 .ARM.attributes
                0x00000926       0x2c /opt/Freescale/KDS_v3/toolchain/bin/../lib/gcc/arm-none-eabi/4.8.4/../../../../arm-none-eabi/lib/armv6-m/libg_s.a(lib_a-strlen.o)
 .ARM.attributes
                0x00000952       0x2c /opt/Freescale/KDS_v3/toolchain/bin/../lib/gcc/arm-none-eabi/4.8.4/../../../../arm-none-eabi/lib/armv6-m/libg_s.a(lib_a-writer.o)
 .ARM.attributes
                0x0000097e       0x2c /opt/Freescale/KDS_v3/toolchain/bin/../lib/gcc/arm-none-eabi/4.8.4/../../../../arm-none-eabi/lib/armv6-m/libg_s.a(lib_a-closer.o)
 .ARM.attributes
                0x000009aa       0x2c /opt/Freescale/KDS_v3/toolchain/bin/../lib/gcc/arm-none-eabi/4.8.4/../../../../arm-none-eabi/lib/armv6-m/libg_s.a(lib_a-fstatr.o)
 .ARM.attributes
                0x000009d6       0x2c /opt/Freescale/KDS_v3/toolchain/bin/../lib/gcc/arm-none-eabi/4.8.4/../../../../arm-none-eabi/lib/armv6-m/libg_s.a(lib_a-isattyr.o)
 .ARM.attributes
                0x00000a02       0x2c /opt/Freescale/KDS_v3/toolchain/bin/../lib/gcc/arm-none-eabi/4.8.4/../../../../arm-none-eabi/lib/armv6-m/libg_s.a(lib_a-lseekr.o)
 .ARM.attributes
                0x00000a2e       0x2c /opt/Freescale/KDS_v3/toolchain/bin/../lib/gcc/arm-none-eabi/4.8.4/../../../../arm-none-eabi/lib/armv6-m/libg_s.a(lib_a-readr.o)
 .ARM.attributes
                0x00000a5a       0x2c /opt/Freescale/KDS_v3/toolchain/bin/../lib/gcc/arm-none-eabi/4.8.4/../../../../arm-none-eabi/lib/armv6-m/libg_s.a(lib_a-reent.o)
 .ARM.attributes
                0x00000a86       0x2c /opt/Freescale/KDS_v3/toolchain/bin/../lib/gcc/arm-none-eabi/4.8.4/../../../../arm-none-eabi/lib/armv6-m/libnosys.a(close.o)
 .ARM.attributes
                0x00000ab2       0x2c /opt/Freescale/KDS_v3/toolchain/bin/../lib/gcc/arm-none-eabi/4.8.4/../../../../arm-none-eabi/lib/armv6-m/libnosys.a(fstat.o)
 .ARM.attributes
                0x00000ade       0x2c /opt/Freescale/KDS_v3/toolchain/bin/../lib/gcc/arm-none-eabi/4.8.4/../../../../arm-none-eabi/lib/armv6-m/libnosys.a(getpid.o)
 .ARM.attributes
                0x00000b0a       0x2c /opt/Freescale/KDS_v3/toolchain/bin/../lib/gcc/arm-none-eabi/4.8.4/../../../../arm-none-eabi/lib/armv6-m/libnosys.a(isatty.o)
 .ARM.attributes
                0x00000b36       0x2c /opt/Freescale/KDS_v3/toolchain/bin/../lib/gcc/arm-none-eabi/4.8.4/../../../../arm-none-eabi/lib/armv6-m/libnosys.a(kill.o)
 .ARM.attributes
                0x00000b62       0x2c /opt/Freescale/KDS_v3/toolchain/bin/../lib/gcc/arm-none-eabi/4.8.4/../../../../arm-none-eabi/lib/armv6-m/libnosys.a(lseek.o)
 .ARM.attributes
                0x00000b8e       0x2c /opt/Freescale/KDS_v3/toolchain/bin/../lib/gcc/arm-none-eabi/4.8.4/../../../../arm-none-eabi/lib/armv6-m/libnosys.a(read.o)
 .ARM.attributes
                0x00000bba       0x2c /opt/Freescale/KDS_v3/toolchain/bin/../lib/gcc/arm-none-eabi/4.8.4/../../../../arm-none-eabi/lib/armv6-m/libnosys.a(sbrk.o)
 .ARM.attributes
                0x00000be6       0x2c /opt/Freescale/KDS_v3/toolchain/bin/../lib/gcc/arm-none-eabi/4.8.4/../../../../arm-none-eabi/lib/armv6-m/libnosys.a(write.o)
 .ARM.attributes
                0x00000c12       0x2c /opt/Freescale/KDS_v3/toolchain/bin/../lib/gcc/arm-none-eabi/4.8.4/../../../../arm-none-eabi/lib/armv6-m/libnosys.a(_exit.o)
 .ARM.attributes
                0x00000c3e       0x2c /opt/Freescale/KDS_v3/toolchain/bin/../lib/gcc/arm-none-eabi/4.8.4/armv6-m/crtend.o
 .ARM.attributes
                0x00000c6a       0x1e /opt/Freescale/KDS_v3/toolchain/bin/../lib/gcc/arm-none-eabi/4.8.4/armv6-m/crtn.o
                0x00000001                ASSERT ((__StackLimit >= __HeapLimit), region m_data overflowed with stack and heap)
OUTPUT(ModBus.elf elf32-littlearm)

.debug_info     0x00000000     0x4af4
 .debug_info    0x00000000      0x483 ./Sources/main.o
 .debug_info    0x00000483       0x8a ./Project_Settings/Startup_Code/startup_MKL25Z4.o
 .debug_info    0x0000050d      0x3ed ./Project_Settings/Startup_Code/system_MKL25Z4.o
 .debug_info    0x000008fa      0x14c ./Middlewares/modbus/rtu/mbcrc.o
 .debug_info    0x00000a46      0x4ea ./Middlewares/modbus/rtu/mbrtu.o
 .debug_info    0x00000f30      0x15f ./Middlewares/modbus/port/portevent.o
 .debug_info    0x0000108f      0x2d9 ./Middlewares/modbus/port/portserial.o
 .debug_info    0x00001368      0x189 ./Middlewares/modbus/port/porttimer.o
 .debug_info    0x000014f1      0x2ed ./Middlewares/modbus/functions/mbfunccoils.o
 .debug_info    0x000017de      0x1d0 ./Middlewares/modbus/functions/mbfuncdisc.o
 .debug_info    0x000019ae      0x359 ./Middlewares/modbus/functions/mbfuncholding.o
 .debug_info    0x00001d07      0x1c2 ./Middlewares/modbus/functions/mbfuncinput.o
 .debug_info    0x00001ec9      0x249 ./Middlewares/modbus/functions/mbfuncother.o
 .debug_info    0x00002112      0x2b5 ./Middlewares/modbus/functions/mbutils.o
 .debug_info    0x000023c7      0x5f6 ./Middlewares/modbus/ascii/mbascii.o
 .debug_info    0x000029bd      0x5e2 ./Middlewares/modbus/mb.o
 .debug_info    0x00002f9f      0x7f8 ./Drivers/dma.o
 .debug_info    0x00003797      0x485 ./Drivers/gpio.o
 .debug_info    0x00003c1c      0x67c ./Drivers/pit.o
 .debug_info    0x00004298      0x85c ./Drivers/uart.o

.debug_abbrev   0x00000000     0x1445
 .debug_abbrev  0x00000000      0x126 ./Sources/main.o
 .debug_abbrev  0x00000126       0x14 ./Project_Settings/Startup_Code/startup_MKL25Z4.o
 .debug_abbrev  0x0000013a      0x109 ./Project_Settings/Startup_Code/system_MKL25Z4.o
 .debug_abbrev  0x00000243       0x96 ./Middlewares/modbus/rtu/mbcrc.o
 .debug_abbrev  0x000002d9      0x114 ./Middlewares/modbus/rtu/mbrtu.o
 .debug_abbrev  0x000003ed       0xad ./Middlewares/modbus/port/portevent.o
 .debug_abbrev  0x0000049a      0x132 ./Middlewares/modbus/port/portserial.o
 .debug_abbrev  0x000005cc       0xe7 ./Middlewares/modbus/port/porttimer.o
 .debug_abbrev  0x000006b3       0xbf ./Middlewares/modbus/functions/mbfunccoils.o
 .debug_abbrev  0x00000772       0x91 ./Middlewares/modbus/functions/mbfuncdisc.o
 .debug_abbrev  0x00000803       0xad ./Middlewares/modbus/functions/mbfuncholding.o
 .debug_abbrev  0x000008b0       0x91 ./Middlewares/modbus/functions/mbfuncinput.o
 .debug_abbrev  0x00000941       0xac ./Middlewares/modbus/functions/mbfuncother.o
 .debug_abbrev  0x000009ed       0xed ./Middlewares/modbus/functions/mbutils.o
 .debug_abbrev  0x00000ada      0x15c ./Middlewares/modbus/ascii/mbascii.o
 .debug_abbrev  0x00000c36      0x160 ./Middlewares/modbus/mb.o
 .debug_abbrev  0x00000d96      0x1cf ./Drivers/dma.o
 .debug_abbrev  0x00000f65      0x14c ./Drivers/gpio.o
 .debug_abbrev  0x000010b1      0x1ac ./Drivers/pit.o
 .debug_abbrev  0x0000125d      0x1e8 ./Drivers/uart.o

.debug_aranges  0x00000000      0x4c0
 .debug_aranges
                0x00000000       0x40 ./Sources/main.o
 .debug_aranges
                0x00000040       0x20 ./Project_Settings/Startup_Code/startup_MKL25Z4.o
 .debug_aranges
                0x00000060       0x28 ./Project_Settings/Startup_Code/system_MKL25Z4.o
 .debug_aranges
                0x00000088       0x20 ./Middlewares/modbus/rtu/mbcrc.o
 .debug_aranges
                0x000000a8       0x58 ./Middlewares/modbus/rtu/mbrtu.o
 .debug_aranges
                0x00000100       0x30 ./Middlewares/modbus/port/portevent.o
 .debug_aranges
                0x00000130       0x50 ./Middlewares/modbus/port/portserial.o
 .debug_aranges
                0x00000180       0x38 ./Middlewares/modbus/port/porttimer.o
 .debug_aranges
                0x000001b8       0x30 ./Middlewares/modbus/functions/mbfunccoils.o
 .debug_aranges
                0x000001e8       0x20 ./Middlewares/modbus/functions/mbfuncdisc.o
 .debug_aranges
                0x00000208       0x38 ./Middlewares/modbus/functions/mbfuncholding.o
 .debug_aranges
                0x00000240       0x20 ./Middlewares/modbus/functions/mbfuncinput.o
 .debug_aranges
                0x00000260       0x28 ./Middlewares/modbus/functions/mbfuncother.o
 .debug_aranges
                0x00000288       0x30 ./Middlewares/modbus/functions/mbutils.o
 .debug_aranges
                0x000002b8       0x70 ./Middlewares/modbus/ascii/mbascii.o
 .debug_aranges
                0x00000328       0x48 ./Middlewares/modbus/mb.o
 .debug_aranges
                0x00000370       0x68 ./Drivers/dma.o
 .debug_aranges
                0x000003d8       0x38 ./Drivers/gpio.o
 .debug_aranges
                0x00000410       0x48 ./Drivers/pit.o
 .debug_aranges
                0x00000458       0x68 ./Drivers/uart.o

.debug_ranges   0x00000000      0x370
 .debug_ranges  0x00000000       0x30 ./Sources/main.o
 .debug_ranges  0x00000030       0x18 ./Project_Settings/Startup_Code/system_MKL25Z4.o
 .debug_ranges  0x00000048       0x10 ./Middlewares/modbus/rtu/mbcrc.o
 .debug_ranges  0x00000058       0x48 ./Middlewares/modbus/rtu/mbrtu.o
 .debug_ranges  0x000000a0       0x20 ./Middlewares/modbus/port/portevent.o
 .debug_ranges  0x000000c0       0x40 ./Middlewares/modbus/port/portserial.o
 .debug_ranges  0x00000100       0x28 ./Middlewares/modbus/port/porttimer.o
 .debug_ranges  0x00000128       0x20 ./Middlewares/modbus/functions/mbfunccoils.o
 .debug_ranges  0x00000148       0x10 ./Middlewares/modbus/functions/mbfuncdisc.o
 .debug_ranges  0x00000158       0x28 ./Middlewares/modbus/functions/mbfuncholding.o
 .debug_ranges  0x00000180       0x10 ./Middlewares/modbus/functions/mbfuncinput.o
 .debug_ranges  0x00000190       0x18 ./Middlewares/modbus/functions/mbfuncother.o
 .debug_ranges  0x000001a8       0x20 ./Middlewares/modbus/functions/mbutils.o
 .debug_ranges  0x000001c8       0x60 ./Middlewares/modbus/ascii/mbascii.o
 .debug_ranges  0x00000228       0x38 ./Middlewares/modbus/mb.o
 .debug_ranges  0x00000260       0x58 ./Drivers/dma.o
 .debug_ranges  0x000002b8       0x28 ./Drivers/gpio.o
 .debug_ranges  0x000002e0       0x38 ./Drivers/pit.o
 .debug_ranges  0x00000318       0x58 ./Drivers/uart.o

.debug_macro    0x00000000     0xc242
 .debug_macro   0x00000000      0x25c ./Sources/main.o
 .debug_macro   0x0000025c      0x802 ./Sources/main.o
 .debug_macro   0x00000a5e       0x16 ./Sources/main.o
 .debug_macro   0x00000a74       0x16 ./Sources/main.o
 .debug_macro   0x00000a8a       0x44 ./Sources/main.o
 .debug_macro   0x00000ace      0x209 ./Sources/main.o
 .debug_macro   0x00000cd7       0x3a ./Sources/main.o
 .debug_macro   0x00000d11       0x3a ./Sources/main.o
 .debug_macro   0x00000d4b       0x26 ./Sources/main.o
 .debug_macro   0x00000d71      0x306 ./Sources/main.o
 .debug_macro   0x00001077       0x63 ./Sources/main.o
 .debug_macro   0x000010da     0x839f ./Sources/main.o
 .debug_macro   0x00009479       0x22 ./Sources/main.o
 .debug_macro   0x0000949b       0x58 ./Sources/main.o
 .debug_macro   0x000094f3       0x35 ./Sources/main.o
 .debug_macro   0x00009528       0xa3 ./Sources/main.o
 .debug_macro   0x000095cb       0x16 ./Sources/main.o
 .debug_macro   0x000095e1       0x97 ./Sources/main.o
 .debug_macro   0x00009678       0x10 ./Sources/main.o
 .debug_macro   0x00009688       0xef ./Sources/main.o
 .debug_macro   0x00009777       0x52 ./Sources/main.o
 .debug_macro   0x000097c9       0x16 ./Sources/main.o
 .debug_macro   0x000097df       0x43 ./Sources/main.o
 .debug_macro   0x00009822      0x180 ./Sources/main.o
 .debug_macro   0x000099a2       0x10 ./Sources/main.o
 .debug_macro   0x000099b2       0x22 ./Sources/main.o
 .debug_macro   0x000099d4       0xbd ./Sources/main.o
 .debug_macro   0x00009a91       0x16 ./Sources/main.o
 .debug_macro   0x00009aa7      0x14a ./Sources/main.o
 .debug_macro   0x00009bf1       0x64 ./Sources/main.o
 .debug_macro   0x00009c55       0x2e ./Sources/main.o
 .debug_macro   0x00009c83       0x3a ./Sources/main.o
 .debug_macro   0x00009cbd       0x9a ./Sources/main.o
 .debug_macro   0x00009d57       0x88 ./Sources/main.o
 .debug_macro   0x00009ddf       0x16 ./Sources/main.o
 .debug_macro   0x00009df5       0x3a ./Sources/main.o
 .debug_macro   0x00009e2f       0x2e ./Sources/main.o
 .debug_macro   0x00009e5d       0x16 ./Sources/main.o
 .debug_macro   0x00009e73       0x10 ./Sources/main.o
 .debug_macro   0x00009e83       0x35 ./Sources/main.o
 .debug_macro   0x00009eb8      0x452 ./Sources/main.o
 .debug_macro   0x0000a30a       0x2e ./Sources/main.o
 .debug_macro   0x0000a338       0x7c ./Sources/main.o
 .debug_macro   0x0000a3b4       0x7e ./Project_Settings/Startup_Code/system_MKL25Z4.o
 .debug_macro   0x0000a432       0x4c ./Project_Settings/Startup_Code/system_MKL25Z4.o
 .debug_macro   0x0000a47e       0xa3 ./Middlewares/modbus/rtu/mbcrc.o
 .debug_macro   0x0000a521       0x82 ./Middlewares/modbus/rtu/mbcrc.o
 .debug_macro   0x0000a5a3      0x1a5 ./Middlewares/modbus/rtu/mbrtu.o
 .debug_macro   0x0000a748       0xca ./Middlewares/modbus/port/portevent.o
 .debug_macro   0x0000a812      0x21e ./Middlewares/modbus/port/portserial.o
 .debug_macro   0x0000aa30       0x1c ./Middlewares/modbus/port/portserial.o
 .debug_macro   0x0000aa4c      0x224 ./Middlewares/modbus/port/porttimer.o
 .debug_macro   0x0000ac70      0x1ca ./Middlewares/modbus/functions/mbfunccoils.o
 .debug_macro   0x0000ae3a      0x194 ./Middlewares/modbus/functions/mbfuncdisc.o
 .debug_macro   0x0000afce      0x1f4 ./Middlewares/modbus/functions/mbfuncholding.o
 .debug_macro   0x0000b1c2      0x19a ./Middlewares/modbus/functions/mbfuncinput.o
 .debug_macro   0x0000b35c      0x17c ./Middlewares/modbus/functions/mbfuncother.o
 .debug_macro   0x0000b4d8      0x170 ./Middlewares/modbus/functions/mbutils.o
 .debug_macro   0x0000b648      0x1ba ./Middlewares/modbus/ascii/mbascii.o
 .debug_macro   0x0000b802      0x1a4 ./Middlewares/modbus/mb.o
 .debug_macro   0x0000b9a6      0x15a ./Drivers/dma.o
 .debug_macro   0x0000bb00      0x16c ./Drivers/dma.o
 .debug_macro   0x0000bc6c      0x1d2 ./Drivers/gpio.o
 .debug_macro   0x0000be3e       0x28 ./Drivers/gpio.o
 .debug_macro   0x0000be66      0x1d2 ./Drivers/pit.o
 .debug_macro   0x0000c038       0x28 ./Drivers/pit.o
 .debug_macro   0x0000c060      0x1d2 ./Drivers/uart.o
 .debug_macro   0x0000c232       0x10 ./Drivers/uart.o

.debug_line     0x00000000     0x49b9
 .debug_line    0x00000000      0x4d1 ./Sources/main.o
 .debug_line    0x000004d1       0x7b ./Project_Settings/Startup_Code/startup_MKL25Z4.o
 .debug_line    0x0000054c      0x248 ./Project_Settings/Startup_Code/system_MKL25Z4.o
 .debug_line    0x00000794      0x20c ./Middlewares/modbus/rtu/mbcrc.o
 .debug_line    0x000009a0      0x444 ./Middlewares/modbus/rtu/mbrtu.o
 .debug_line    0x00000de4      0x282 ./Middlewares/modbus/port/portevent.o
 .debug_line    0x00001066      0x4b1 ./Middlewares/modbus/port/portserial.o
 .debug_line    0x00001517      0x44e ./Middlewares/modbus/port/porttimer.o
 .debug_line    0x00001965      0x3fe ./Middlewares/modbus/functions/mbfunccoils.o
 .debug_line    0x00001d63      0x391 ./Middlewares/modbus/functions/mbfuncdisc.o
 .debug_line    0x000020f4      0x429 ./Middlewares/modbus/functions/mbfuncholding.o
 .debug_line    0x0000251d      0x387 ./Middlewares/modbus/functions/mbfuncinput.o
 .debug_line    0x000028a4      0x39e ./Middlewares/modbus/functions/mbfuncother.o
 .debug_line    0x00002c42      0x396 ./Middlewares/modbus/functions/mbutils.o
 .debug_line    0x00002fd8      0x4fe ./Middlewares/modbus/ascii/mbascii.o
 .debug_line    0x000034d6      0x4ac ./Middlewares/modbus/mb.o
 .debug_line    0x00003982      0x369 ./Drivers/dma.o
 .debug_line    0x00003ceb      0x3f1 ./Drivers/gpio.o
 .debug_line    0x000040dc      0x41b ./Drivers/pit.o
 .debug_line    0x000044f7      0x4c2 ./Drivers/uart.o

.debug_str      0x00000000    0x3868e
 .debug_str     0x00000000    0x3531e ./Sources/main.o
                              0x357c6 (size before relaxing)
 .debug_str     0x0003531e      0x16c ./Project_Settings/Startup_Code/system_MKL25Z4.o
                              0x31f08 (size before relaxing)
 .debug_str     0x0003548a       0x54 ./Middlewares/modbus/rtu/mbcrc.o
                               0x424e (size before relaxing)
 .debug_str     0x000354de     0x128f ./Middlewares/modbus/rtu/mbrtu.o
                               0x6860 (size before relaxing)
 .debug_str     0x0003676d       0x97 ./Middlewares/modbus/port/portevent.o
                               0x4533 (size before relaxing)
 .debug_str     0x00036804      0x13e ./Middlewares/modbus/port/portserial.o
                              0x35678 (size before relaxing)
 .debug_str     0x00036942      0x120 ./Middlewares/modbus/port/porttimer.o
                              0x35636 (size before relaxing)
 .debug_str     0x00036a62      0x66b ./Middlewares/modbus/functions/mbfunccoils.o
                               0x6be4 (size before relaxing)
 .debug_str     0x000370cd       0xb2 ./Middlewares/modbus/functions/mbfuncdisc.o
                               0x69ca (size before relaxing)
 .debug_str     0x0003717f      0x411 ./Middlewares/modbus/functions/mbfuncholding.o
                               0x6df4 (size before relaxing)
 .debug_str     0x00037590       0x7c ./Middlewares/modbus/functions/mbfuncinput.o
                               0x69f1 (size before relaxing)
 .debug_str     0x0003760c       0x9f ./Middlewares/modbus/functions/mbfuncother.o
                               0x695e (size before relaxing)
 .debug_str     0x000376ab       0xce ./Middlewares/modbus/functions/mbutils.o
                               0x66c6 (size before relaxing)
 .debug_str     0x00037779      0x1f4 ./Middlewares/modbus/ascii/mbascii.o
                               0x6b87 (size before relaxing)
 .debug_str     0x0003796d      0x1fe ./Middlewares/modbus/mb.o
                               0x6c08 (size before relaxing)
 .debug_str     0x00037b6b      0x91d ./Drivers/dma.o
                              0x34762 (size before relaxing)
 .debug_str     0x00038488       0x83 ./Drivers/gpio.o
                              0x344dd (size before relaxing)
 .debug_str     0x0003850b       0x9c ./Drivers/pit.o
                              0x34700 (size before relaxing)
 .debug_str     0x000385a7       0xe7 ./Drivers/uart.o
                              0x34799 (size before relaxing)

.comment        0x00000000       0x70
 .comment       0x00000000       0x70 ./Sources/main.o
                                 0x71 (size before relaxing)
 .comment       0x00000000       0x71 ./Project_Settings/Startup_Code/system_MKL25Z4.o
 .comment       0x00000000       0x71 ./Middlewares/modbus/rtu/mbcrc.o
 .comment       0x00000000       0x71 ./Middlewares/modbus/rtu/mbrtu.o
 .comment       0x00000000       0x71 ./Middlewares/modbus/port/portevent.o
 .comment       0x00000000       0x71 ./Middlewares/modbus/port/portserial.o
 .comment       0x00000000       0x71 ./Middlewares/modbus/port/porttimer.o
 .comment       0x00000000       0x71 ./Middlewares/modbus/functions/mbfunccoils.o
 .comment       0x00000000       0x71 ./Middlewares/modbus/functions/mbfuncdisc.o
 .comment       0x00000000       0x71 ./Middlewares/modbus/functions/mbfuncholding.o
 .comment       0x00000000       0x71 ./Middlewares/modbus/functions/mbfuncinput.o
 .comment       0x00000000       0x71 ./Middlewares/modbus/functions/mbfuncother.o
 .comment       0x00000000       0x71 ./Middlewares/modbus/functions/mbutils.o
 .comment       0x00000000       0x71 ./Middlewares/modbus/ascii/mbascii.o
 .comment       0x00000000       0x71 ./Middlewares/modbus/mb.o
 .comment       0x00000000       0x71 ./Drivers/dma.o
 .comment       0x00000000       0x71 ./Drivers/gpio.o
 .comment       0x00000000       0x71 ./Drivers/pit.o
 .comment       0x00000000       0x71 ./Drivers/uart.o

.debug_frame    0x00000000     0x170c
 .debug_frame   0x00000000       0xb0 ./Sources/main.o
 .debug_frame   0x000000b0       0x4c ./Project_Settings/Startup_Code/system_MKL25Z4.o
 .debug_frame   0x000000fc       0x30 ./Middlewares/modbus/rtu/mbcrc.o
 .debug_frame   0x0000012c      0x108 ./Middlewares/modbus/rtu/mbrtu.o
 .debug_frame   0x00000234       0x6c ./Middlewares/modbus/port/portevent.o
 .debug_frame   0x000002a0       0xe4 ./Middlewares/modbus/port/portserial.o
 .debug_frame   0x00000384       0x88 ./Middlewares/modbus/port/porttimer.o
 .debug_frame   0x0000040c       0x70 ./Middlewares/modbus/functions/mbfunccoils.o
 .debug_frame   0x0000047c       0x30 ./Middlewares/modbus/functions/mbfuncdisc.o
 .debug_frame   0x000004ac       0x90 ./Middlewares/modbus/functions/mbfuncholding.o
 .debug_frame   0x0000053c       0x30 ./Middlewares/modbus/functions/mbfuncinput.o
 .debug_frame   0x0000056c       0x50 ./Middlewares/modbus/functions/mbfuncother.o
 .debug_frame   0x000005bc       0x70 ./Middlewares/modbus/functions/mbutils.o
 .debug_frame   0x0000062c      0x164 ./Middlewares/modbus/ascii/mbascii.o
 .debug_frame   0x00000790       0xd4 ./Middlewares/modbus/mb.o
 .debug_frame   0x00000864      0x144 ./Drivers/dma.o
 .debug_frame   0x000009a8       0x90 ./Drivers/gpio.o
 .debug_frame   0x00000a38       0xd0 ./Drivers/pit.o
 .debug_frame   0x00000b08      0x144 ./Drivers/uart.o
 .debug_frame   0x00000c4c       0x20 /opt/Freescale/KDS_v3/toolchain/bin/../lib/gcc/arm-none-eabi/4.8.4/armv6-m/libgcc.a(_udivsi3.o)
 .debug_frame   0x00000c6c       0x30 /opt/Freescale/KDS_v3/toolchain/bin/../lib/gcc/arm-none-eabi/4.8.4/armv6-m/libgcc.a(_muldi3.o)
 .debug_frame   0x00000c9c       0x50 /opt/Freescale/KDS_v3/toolchain/bin/../lib/gcc/arm-none-eabi/4.8.4/armv6-m/libgcc.a(bpabi.o)
 .debug_frame   0x00000cec       0x3c /opt/Freescale/KDS_v3/toolchain/bin/../lib/gcc/arm-none-eabi/4.8.4/armv6-m/libgcc.a(_divdi3.o)
 .debug_frame   0x00000d28       0x3c /opt/Freescale/KDS_v3/toolchain/bin/../lib/gcc/arm-none-eabi/4.8.4/armv6-m/libgcc.a(_udivdi3.o)
 .debug_frame   0x00000d64       0x4c /opt/Freescale/KDS_v3/toolchain/bin/../lib/gcc/arm-none-eabi/4.8.4/../../../../arm-none-eabi/lib/armv6-m/libg_s.a(lib_a-assert.o)
 .debug_frame   0x00000db0       0x28 /opt/Freescale/KDS_v3/toolchain/bin/../lib/gcc/arm-none-eabi/4.8.4/../../../../arm-none-eabi/lib/armv6-m/libg_s.a(lib_a-exit.o)
 .debug_frame   0x00000dd8       0x4c /opt/Freescale/KDS_v3/toolchain/bin/../lib/gcc/arm-none-eabi/4.8.4/../../../../arm-none-eabi/lib/armv6-m/libg_s.a(lib_a-fprintf.o)
 .debug_frame   0x00000e24       0x2c /opt/Freescale/KDS_v3/toolchain/bin/../lib/gcc/arm-none-eabi/4.8.4/../../../../arm-none-eabi/lib/armv6-m/libg_s.a(lib_a-init.o)
 .debug_frame   0x00000e50       0x28 /opt/Freescale/KDS_v3/toolchain/bin/../lib/gcc/arm-none-eabi/4.8.4/../../../../arm-none-eabi/lib/armv6-m/libg_s.a(lib_a-memcpy-stub.o)
 .debug_frame   0x00000e78       0x20 /opt/Freescale/KDS_v3/toolchain/bin/../lib/gcc/arm-none-eabi/4.8.4/../../../../arm-none-eabi/lib/armv6-m/libg_s.a(lib_a-memset.o)
 .debug_frame   0x00000e98       0xa0 /opt/Freescale/KDS_v3/toolchain/bin/../lib/gcc/arm-none-eabi/4.8.4/../../../../arm-none-eabi/lib/armv6-m/libg_s.a(lib_a-vfprintf.o)
 .debug_frame   0x00000f38       0x54 /opt/Freescale/KDS_v3/toolchain/bin/../lib/gcc/arm-none-eabi/4.8.4/../../../../arm-none-eabi/lib/armv6-m/libg_s.a(lib_a-vfprintf_i.o)
 .debug_frame   0x00000f8c       0x44 /opt/Freescale/KDS_v3/toolchain/bin/../lib/gcc/arm-none-eabi/4.8.4/../../../../arm-none-eabi/lib/armv6-m/libg_s.a(lib_a-wbuf.o)
 .debug_frame   0x00000fd0       0x2c /opt/Freescale/KDS_v3/toolchain/bin/../lib/gcc/arm-none-eabi/4.8.4/../../../../arm-none-eabi/lib/armv6-m/libg_s.a(lib_a-wsetup.o)
 .debug_frame   0x00000ffc       0x28 /opt/Freescale/KDS_v3/toolchain/bin/../lib/gcc/arm-none-eabi/4.8.4/../../../../arm-none-eabi/lib/armv6-m/libg_s.a(lib_a-abort.o)
 .debug_frame   0x00001024       0x68 /opt/Freescale/KDS_v3/toolchain/bin/../lib/gcc/arm-none-eabi/4.8.4/../../../../arm-none-eabi/lib/armv6-m/libg_s.a(lib_a-fflush.o)
 .debug_frame   0x0000108c      0x148 /opt/Freescale/KDS_v3/toolchain/bin/../lib/gcc/arm-none-eabi/4.8.4/../../../../arm-none-eabi/lib/armv6-m/libg_s.a(lib_a-findfp.o)
 .debug_frame   0x000011d4       0x30 /opt/Freescale/KDS_v3/toolchain/bin/../lib/gcc/arm-none-eabi/4.8.4/../../../../arm-none-eabi/lib/armv6-m/libg_s.a(lib_a-makebuf.o)
 .debug_frame   0x00001204       0x20 /opt/Freescale/KDS_v3/toolchain/bin/../lib/gcc/arm-none-eabi/4.8.4/../../../../arm-none-eabi/lib/armv6-m/libg_s.a(lib_a-memchr-stub.o)
 .debug_frame   0x00001224       0x2c /opt/Freescale/KDS_v3/toolchain/bin/../lib/gcc/arm-none-eabi/4.8.4/../../../../arm-none-eabi/lib/armv6-m/libg_s.a(lib_a-nano-freer.o)
 .debug_frame   0x00001250       0x2c /opt/Freescale/KDS_v3/toolchain/bin/../lib/gcc/arm-none-eabi/4.8.4/../../../../arm-none-eabi/lib/armv6-m/libg_s.a(lib_a-nano-mallocr.o)
 .debug_frame   0x0000127c       0x2c /opt/Freescale/KDS_v3/toolchain/bin/../lib/gcc/arm-none-eabi/4.8.4/../../../../arm-none-eabi/lib/armv6-m/libg_s.a(lib_a-sbrkr.o)
 .debug_frame   0x000012a8       0xe0 /opt/Freescale/KDS_v3/toolchain/bin/../lib/gcc/arm-none-eabi/4.8.4/../../../../arm-none-eabi/lib/armv6-m/libg_s.a(lib_a-signal.o)
 .debug_frame   0x00001388       0x44 /opt/Freescale/KDS_v3/toolchain/bin/../lib/gcc/arm-none-eabi/4.8.4/../../../../arm-none-eabi/lib/armv6-m/libg_s.a(lib_a-signalr.o)
 .debug_frame   0x000013cc       0x90 /opt/Freescale/KDS_v3/toolchain/bin/../lib/gcc/arm-none-eabi/4.8.4/../../../../arm-none-eabi/lib/armv6-m/libg_s.a(lib_a-stdio.o)
 .debug_frame   0x0000145c       0x20 /opt/Freescale/KDS_v3/toolchain/bin/../lib/gcc/arm-none-eabi/4.8.4/../../../../arm-none-eabi/lib/armv6-m/libg_s.a(lib_a-strlen.o)
 .debug_frame   0x0000147c       0x2c /opt/Freescale/KDS_v3/toolchain/bin/../lib/gcc/arm-none-eabi/4.8.4/../../../../arm-none-eabi/lib/armv6-m/libg_s.a(lib_a-writer.o)
 .debug_frame   0x000014a8       0x2c /opt/Freescale/KDS_v3/toolchain/bin/../lib/gcc/arm-none-eabi/4.8.4/../../../../arm-none-eabi/lib/armv6-m/libg_s.a(lib_a-closer.o)
 .debug_frame   0x000014d4       0x2c /opt/Freescale/KDS_v3/toolchain/bin/../lib/gcc/arm-none-eabi/4.8.4/../../../../arm-none-eabi/lib/armv6-m/libg_s.a(lib_a-fstatr.o)
 .debug_frame   0x00001500       0x2c /opt/Freescale/KDS_v3/toolchain/bin/../lib/gcc/arm-none-eabi/4.8.4/../../../../arm-none-eabi/lib/armv6-m/libg_s.a(lib_a-isattyr.o)
 .debug_frame   0x0000152c       0x2c /opt/Freescale/KDS_v3/toolchain/bin/../lib/gcc/arm-none-eabi/4.8.4/../../../../arm-none-eabi/lib/armv6-m/libg_s.a(lib_a-lseekr.o)
 .debug_frame   0x00001558       0x2c /opt/Freescale/KDS_v3/toolchain/bin/../lib/gcc/arm-none-eabi/4.8.4/../../../../arm-none-eabi/lib/armv6-m/libg_s.a(lib_a-readr.o)
 .debug_frame   0x00001584       0x48 /opt/Freescale/KDS_v3/toolchain/bin/../lib/gcc/arm-none-eabi/4.8.4/../../../../arm-none-eabi/lib/armv6-m/libg_s.a(lib_a-reent.o)
 .debug_frame   0x000015cc       0x20 /opt/Freescale/KDS_v3/toolchain/bin/../lib/gcc/arm-none-eabi/4.8.4/../../../../arm-none-eabi/lib/armv6-m/libnosys.a(close.o)
 .debug_frame   0x000015ec       0x20 /opt/Freescale/KDS_v3/toolchain/bin/../lib/gcc/arm-none-eabi/4.8.4/../../../../arm-none-eabi/lib/armv6-m/libnosys.a(fstat.o)
 .debug_frame   0x0000160c       0x20 /opt/Freescale/KDS_v3/toolchain/bin/../lib/gcc/arm-none-eabi/4.8.4/../../../../arm-none-eabi/lib/armv6-m/libnosys.a(getpid.o)
 .debug_frame   0x0000162c       0x20 /opt/Freescale/KDS_v3/toolchain/bin/../lib/gcc/arm-none-eabi/4.8.4/../../../../arm-none-eabi/lib/armv6-m/libnosys.a(isatty.o)
 .debug_frame   0x0000164c       0x20 /opt/Freescale/KDS_v3/toolchain/bin/../lib/gcc/arm-none-eabi/4.8.4/../../../../arm-none-eabi/lib/armv6-m/libnosys.a(kill.o)
 .debug_frame   0x0000166c       0x20 /opt/Freescale/KDS_v3/toolchain/bin/../lib/gcc/arm-none-eabi/4.8.4/../../../../arm-none-eabi/lib/armv6-m/libnosys.a(lseek.o)
 .debug_frame   0x0000168c       0x20 /opt/Freescale/KDS_v3/toolchain/bin/../lib/gcc/arm-none-eabi/4.8.4/../../../../arm-none-eabi/lib/armv6-m/libnosys.a(read.o)
 .debug_frame   0x000016ac       0x20 /opt/Freescale/KDS_v3/toolchain/bin/../lib/gcc/arm-none-eabi/4.8.4/../../../../arm-none-eabi/lib/armv6-m/libnosys.a(sbrk.o)
 .debug_frame   0x000016cc       0x20 /opt/Freescale/KDS_v3/toolchain/bin/../lib/gcc/arm-none-eabi/4.8.4/../../../../arm-none-eabi/lib/armv6-m/libnosys.a(write.o)
 .debug_frame   0x000016ec       0x20 /opt/Freescale/KDS_v3/toolchain/bin/../lib/gcc/arm-none-eabi/4.8.4/../../../../arm-none-eabi/lib/armv6-m/libnosys.a(_exit.o)

.stab           0x00000000       0xcc
 .stab          0x00000000       0x24 /opt/Freescale/KDS_v3/toolchain/bin/../lib/gcc/arm-none-eabi/4.8.4/../../../../arm-none-eabi/lib/armv6-m/libnosys.a(close.o)
 .stab          0x00000024       0x18 /opt/Freescale/KDS_v3/toolchain/bin/../lib/gcc/arm-none-eabi/4.8.4/../../../../arm-none-eabi/lib/armv6-m/libnosys.a(fstat.o)
                                 0x24 (size before relaxing)
 .stab          0x0000003c       0x18 /opt/Freescale/KDS_v3/toolchain/bin/../lib/gcc/arm-none-eabi/4.8.4/../../../../arm-none-eabi/lib/armv6-m/libnosys.a(getpid.o)
                                 0x24 (size before relaxing)
 .stab          0x00000054       0x18 /opt/Freescale/KDS_v3/toolchain/bin/../lib/gcc/arm-none-eabi/4.8.4/../../../../arm-none-eabi/lib/armv6-m/libnosys.a(isatty.o)
                                 0x24 (size before relaxing)
 .stab          0x0000006c       0x18 /opt/Freescale/KDS_v3/toolchain/bin/../lib/gcc/arm-none-eabi/4.8.4/../../../../arm-none-eabi/lib/armv6-m/libnosys.a(kill.o)
                                 0x24 (size before relaxing)
 .stab          0x00000084       0x18 /opt/Freescale/KDS_v3/toolchain/bin/../lib/gcc/arm-none-eabi/4.8.4/../../../../arm-none-eabi/lib/armv6-m/libnosys.a(lseek.o)
                                 0x24 (size before relaxing)
 .stab          0x0000009c       0x18 /opt/Freescale/KDS_v3/toolchain/bin/../lib/gcc/arm-none-eabi/4.8.4/../../../../arm-none-eabi/lib/armv6-m/libnosys.a(read.o)
                                 0x24 (size before relaxing)
 .stab          0x000000b4       0x18 /opt/Freescale/KDS_v3/toolchain/bin/../lib/gcc/arm-none-eabi/4.8.4/../../../../arm-none-eabi/lib/armv6-m/libnosys.a(write.o)
                                 0x24 (size before relaxing)

.stabstr        0x00000000      0x1b9
 .stabstr       0x00000000      0x1b9 /opt/Freescale/KDS_v3/toolchain/bin/../lib/gcc/arm-none-eabi/4.8.4/../../../../arm-none-eabi/lib/armv6-m/libnosys.a(close.o)
